logger init done!
正在初始化算算符池...
Fermi Hubbard HamiltonianPool Init done!N-site=8|length=24
-----------------第1/个时间步长,当前时间是0.0-------------------
目前时间是0.01
exact_energy=6.938893903907228e-18
本时间步长内的第1次迭代
当前的算符是['IIIIIIXX']|当前的参数是[0.]
Iter=1|operator=['IIIIIIXX']｜Distance=0.0
当前的算符是['IIIIIIYY']|当前的参数是[0.]
Iter=1|operator=['IIIIIIYY']｜Distance=0.0
当前的算符是['IIXXIIII']|当前的参数是[0.]
Iter=1|operator=['IIXXIIII']｜Distance=0.0
当前的算符是['IIYYIIII']|当前的参数是[0.]
Iter=1|operator=['IIYYIIII']｜Distance=0.0
当前的算符是['IIIIIYYI']|当前的参数是[0.]
Iter=1|operator=['IIIIIYYI']｜Distance=0.0
当前的算符是['IIIIIXXI']|当前的参数是[0.]
Iter=1|operator=['IIIIIXXI']｜Distance=0.0
当前的算符是['IYYIIIII']|当前的参数是[0.]
Iter=1|operator=['IYYIIIII']｜Distance=0.0
当前的算符是['IXXIIIII']|当前的参数是[0.]
Iter=1|operator=['IXXIIIII']｜Distance=0.0
当前的算符是['IIIIYYII']|当前的参数是[0.]
Iter=1|operator=['IIIIYYII']｜Distance=0.0
当前的算符是['IIIIXXII']|当前的参数是[0.]
Iter=1|operator=['IIIIXXII']｜Distance=0.0
当前的算符是['YYIIIIII']|当前的参数是[0.]
Iter=1|operator=['YYIIIIII']｜Distance=0.0
当前的算符是['XXIIIIII']|当前的参数是[0.]
Iter=1|operator=['XXIIIIII']｜Distance=0.0
当前的算符是['IIIZIIII']|当前的参数是[0.]
Iter=1|operator=['IIIZIIII']｜Distance=0.0
当前的算符是['IIIIIIIZ']|当前的参数是[0.]
Iter=1|operator=['IIIIIIIZ']｜Distance=0.0
当前的算符是['IIIZIIIZ']|当前的参数是[0.]
Iter=1|operator=['IIIZIIIZ']｜Distance=0.0
当前的算符是['IIZIIIII']|当前的参数是[0.]
Iter=1|operator=['IIZIIIII']｜Distance=0.0
当前的算符是['IIIIIIZI']|当前的参数是[0.]
Iter=1|operator=['IIIIIIZI']｜Distance=0.0
当前的算符是['IIZIIIZI']|当前的参数是[0.]
Iter=1|operator=['IIZIIIZI']｜Distance=0.0
当前的算符是['IZIIIIII']|当前的参数是[0.]
Iter=1|operator=['IZIIIIII']｜Distance=0.0
当前的算符是['IIIIIZII']|当前的参数是[0.]
Iter=1|operator=['IIIIIZII']｜Distance=0.0
当前的算符是['IZIIIZII']|当前的参数是[0.]
Iter=1|operator=['IZIIIZII']｜Distance=0.0
当前的算符是['ZIIIIIII']|当前的参数是[0.]
Iter=1|operator=['ZIIIIIII']｜Distance=0.0
当前的算符是['IIIIZIII']|当前的参数是[0.]
Iter=1|operator=['IIIIZIII']｜Distance=0.0
当前的算符是['ZIIIZIII']|当前的参数是[0.]
Iter=1|operator=['ZIIIZIII']｜Distance=0.0
迭代1完成✅1 -th has been picked!Mclachlan Distance =0.0
迭代1结束✅!Mclachlan Distance =0.0/0.01|满足停止要求😉
本次的时间步长是=0.01|最大变化值=0.0
时间步长已经更新=0.05|inf
本次时间步长结束｜共选取1个算符:[0]｜最优参数为[0.]｜Mclachlan Distance=0.0
|瞬时精确能量=6.938893903907228e-18|瞬时变分能量=6.938893903907228e-18|瞬时能量误差=0.0|精确与变分态重合度=1.0
-----------------第2个时间步长｜目前时间是0.060000000000000005/10.0-------------------
迭代0结束✅!Mclachlan Distance =0.0/0.01|满足停止要求😉
参数优化结果如下:[0.]|最大的参数=0.0
时间步长已经更新=0.05|inf
本次时间步长结束｜共选取0个算符:[0]｜最优参数为[0.]｜Mclachlan Distance=0.0|瞬时精确能量=6.938893903907228e-18|瞬时变分能量=6.938893903907228e-18|瞬时能量误差=0.0|精确与变分态重合度=1.0｜目前参数规模=1
保存快照: ./AVQDS-SNAPSHOT-10-17 13:43/3.pkl
-----------------第3个时间步长｜目前时间是0.11000000000000001/10.0-------------------
迭代0结束✅!Mclachlan Distance =0.0/0.01|满足停止要求😉
参数优化结果如下:[0.]|最大的参数=0.0
时间步长已经更新=0.05|inf
本次时间步长结束｜共选取0个算符:[0]｜最优参数为[0.]｜Mclachlan Distance=0.0|瞬时精确能量=6.938893903907228e-18|瞬时变分能量=6.938893903907228e-18|瞬时能量误差=0.0|精确与变分态重合度=1.0｜目前参数规模=1
保存快照: ./AVQDS-SNAPSHOT-10-17 13:43/4.pkl
-----------------第4个时间步长｜目前时间是0.16000000000000003/10.0-------------------
迭代0结束✅!Mclachlan Distance =0.0/0.01|满足停止要求😉
参数优化结果如下:[0.]|最大的参数=0.0
时间步长已经更新=0.05|inf
本次时间步长结束｜共选取0个算符:[0]｜最优参数为[0.]｜Mclachlan Distance=0.0|瞬时精确能量=6.938893903907228e-18|瞬时变分能量=6.938893903907228e-18|瞬时能量误差=0.0|精确与变分态重合度=1.0｜目前参数规模=1
保存快照: ./AVQDS-SNAPSHOT-10-17 13:43/5.pkl
-----------------第5个时间步长｜目前时间是0.21000000000000002/10.0-------------------
迭代0结束✅!Mclachlan Distance =0.0/0.01|满足停止要求😉
参数优化结果如下:[0.]|最大的参数=0.0
时间步长已经更新=0.05|inf
本次时间步长结束｜共选取0个算符:[0]｜最优参数为[0.]｜Mclachlan Distance=0.0|瞬时精确能量=6.938893903907228e-18|瞬时变分能量=6.938893903907228e-18|瞬时能量误差=0.0|精确与变分态重合度=1.0｜目前参数规模=1
保存快照: ./AVQDS-SNAPSHOT-10-17 13:43/6.pkl
-----------------第6个时间步长｜目前时间是0.26/10.0-------------------
迭代0结束✅!Mclachlan Distance =0.0/0.01|满足停止要求😉
参数优化结果如下:[0.]|最大的参数=0.0
时间步长已经更新=0.05|inf
本次时间步长结束｜共选取0个算符:[0]｜最优参数为[0.]｜Mclachlan Distance=0.0|瞬时精确能量=6.938893903907228e-18|瞬时变分能量=6.938893903907228e-18|瞬时能量误差=0.0|精确与变分态重合度=1.0｜目前参数规模=1
保存快照: ./AVQDS-SNAPSHOT-10-17 13:43/7.pkl
-----------------第7个时间步长｜目前时间是0.31/10.0-------------------
迭代0结束✅!Mclachlan Distance =0.0/0.01|满足停止要求😉
参数优化结果如下:[0.]|最大的参数=0.0
时间步长已经更新=0.05|inf
本次时间步长结束｜共选取0个算符:[0]｜最优参数为[0.]｜Mclachlan Distance=0.0|瞬时精确能量=6.938893903907228e-18|瞬时变分能量=6.938893903907228e-18|瞬时能量误差=0.0|精确与变分态重合度=1.0｜目前参数规模=1
保存快照: ./AVQDS-SNAPSHOT-10-17 13:43/8.pkl
-----------------第8个时间步长｜目前时间是0.36/10.0-------------------
迭代0结束✅!Mclachlan Distance =0.0/0.01|满足停止要求😉
参数优化结果如下:[0.]|最大的参数=0.0
时间步长已经更新=0.05|inf
本次时间步长结束｜共选取0个算符:[0]｜最优参数为[0.]｜Mclachlan Distance=0.0|瞬时精确能量=6.938893903907228e-18|瞬时变分能量=6.938893903907228e-18|瞬时能量误差=0.0|精确与变分态重合度=1.0｜目前参数规模=1
保存快照: ./AVQDS-SNAPSHOT-10-17 13:43/9.pkl
-----------------第9个时间步长｜目前时间是0.41/10.0-------------------
迭代0结束✅!Mclachlan Distance =0.0/0.01|满足停止要求😉
参数优化结果如下:[0.]|最大的参数=0.0
时间步长已经更新=0.05|inf
本次时间步长结束｜共选取0个算符:[0]｜最优参数为[0.]｜Mclachlan Distance=0.0|瞬时精确能量=6.938893903907228e-18|瞬时变分能量=6.938893903907228e-18|瞬时能量误差=0.0|精确与变分态重合度=1.0｜目前参数规模=1
保存快照: ./AVQDS-SNAPSHOT-10-17 13:43/10.pkl
-----------------第10个时间步长｜目前时间是0.45999999999999996/10.0-------------------
迭代0结束✅!Mclachlan Distance =0.0/0.01|满足停止要求😉
参数优化结果如下:[0.]|最大的参数=0.0
时间步长已经更新=0.05|inf
本次时间步长结束｜共选取0个算符:[0]｜最优参数为[0.]｜Mclachlan Distance=0.0|瞬时精确能量=6.938893903907228e-18|瞬时变分能量=6.938893903907228e-18|瞬时能量误差=0.0|精确与变分态重合度=1.0｜目前参数规模=1
保存快照: ./AVQDS-SNAPSHOT-10-17 13:43/11.pkl
-----------------第11个时间步长｜目前时间是0.51/10.0-------------------
迭代0结束✅!Mclachlan Distance =0.0/0.01|满足停止要求😉
参数优化结果如下:[0.]|最大的参数=0.0
时间步长已经更新=0.05|inf
本次时间步长结束｜共选取0个算符:[0]｜最优参数为[0.]｜Mclachlan Distance=0.0|瞬时精确能量=6.938893903907228e-18|瞬时变分能量=6.938893903907228e-18|瞬时能量误差=0.0|精确与变分态重合度=1.0｜目前参数规模=1
保存快照: ./AVQDS-SNAPSHOT-10-17 13:43/12.pkl
-----------------第12个时间步长｜目前时间是0.56/10.0-------------------
迭代0结束✅!Mclachlan Distance =0.0/0.01|满足停止要求😉
参数优化结果如下:[0.]|最大的参数=0.0
时间步长已经更新=0.05|inf
本次时间步长结束｜共选取0个算符:[0]｜最优参数为[0.]｜Mclachlan Distance=0.0|瞬时精确能量=6.938893903907228e-18|瞬时变分能量=6.938893903907228e-18|瞬时能量误差=0.0|精确与变分态重合度=1.0｜目前参数规模=1
保存快照: ./AVQDS-SNAPSHOT-10-17 13:43/13.pkl
-----------------第13个时间步长｜目前时间是0.6100000000000001/10.0-------------------
迭代0结束✅!Mclachlan Distance =0.0/0.01|满足停止要求😉
参数优化结果如下:[0.]|最大的参数=0.0
时间步长已经更新=0.05|inf
本次时间步长结束｜共选取0个算符:[0]｜最优参数为[0.]｜Mclachlan Distance=0.0|瞬时精确能量=6.938893903907228e-18|瞬时变分能量=6.938893903907228e-18|瞬时能量误差=0.0|精确与变分态重合度=1.0｜目前参数规模=1
保存快照: ./AVQDS-SNAPSHOT-10-17 13:43/14.pkl
-----------------第14个时间步长｜目前时间是0.6600000000000001/10.0-------------------
迭代0结束✅!Mclachlan Distance =0.0/0.01|满足停止要求😉
参数优化结果如下:[0.]|最大的参数=0.0
时间步长已经更新=0.05|inf
本次时间步长结束｜共选取0个算符:[0]｜最优参数为[0.]｜Mclachlan Distance=0.0|瞬时精确能量=6.938893903907228e-18|瞬时变分能量=6.938893903907228e-18|瞬时能量误差=0.0|精确与变分态重合度=1.0｜目前参数规模=1
保存快照: ./AVQDS-SNAPSHOT-10-17 13:43/15.pkl
-----------------第15个时间步长｜目前时间是0.7100000000000002/10.0-------------------
迭代0结束✅!Mclachlan Distance =0.0/0.01|满足停止要求😉
参数优化结果如下:[0.]|最大的参数=0.0
时间步长已经更新=0.05|inf
本次时间步长结束｜共选取0个算符:[0]｜最优参数为[0.]｜Mclachlan Distance=0.0|瞬时精确能量=6.938893903907228e-18|瞬时变分能量=6.938893903907228e-18|瞬时能量误差=0.0|精确与变分态重合度=1.0｜目前参数规模=1
保存快照: ./AVQDS-SNAPSHOT-10-17 13:43/16.pkl
-----------------第16个时间步长｜目前时间是0.7600000000000002/10.0-------------------
迭代0结束✅!Mclachlan Distance =0.0/0.01|满足停止要求😉
参数优化结果如下:[0.]|最大的参数=0.0
时间步长已经更新=0.05|inf
本次时间步长结束｜共选取0个算符:[0]｜最优参数为[0.]｜Mclachlan Distance=0.0|瞬时精确能量=6.938893903907228e-18|瞬时变分能量=6.938893903907228e-18|瞬时能量误差=0.0|精确与变分态重合度=1.0｜目前参数规模=1
保存快照: ./AVQDS-SNAPSHOT-10-17 13:43/17.pkl
-----------------第17个时间步长｜目前时间是0.8100000000000003/10.0-------------------
迭代0结束✅!Mclachlan Distance =0.0/0.01|满足停止要求😉
参数优化结果如下:[0.]|最大的参数=0.0
时间步长已经更新=0.05|inf
本次时间步长结束｜共选取0个算符:[0]｜最优参数为[0.]｜Mclachlan Distance=0.0|瞬时精确能量=6.938893903907228e-18|瞬时变分能量=6.938893903907228e-18|瞬时能量误差=0.0|精确与变分态重合度=1.0｜目前参数规模=1
保存快照: ./AVQDS-SNAPSHOT-10-17 13:43/18.pkl
-----------------第18个时间步长｜目前时间是0.8600000000000003/10.0-------------------
迭代0结束✅!Mclachlan Distance =0.0/0.01|满足停止要求😉
参数优化结果如下:[0.]|最大的参数=0.0
时间步长已经更新=0.05|inf
本次时间步长结束｜共选取0个算符:[0]｜最优参数为[0.]｜Mclachlan Distance=0.0|瞬时精确能量=6.938893903907228e-18|瞬时变分能量=6.938893903907228e-18|瞬时能量误差=0.0|精确与变分态重合度=1.0｜目前参数规模=1
保存快照: ./AVQDS-SNAPSHOT-10-17 13:43/19.pkl
-----------------第19个时间步长｜目前时间是0.9100000000000004/10.0-------------------
迭代0结束✅!Mclachlan Distance =0.0/0.01|满足停止要求😉
参数优化结果如下:[0.]|最大的参数=0.0
时间步长已经更新=0.05|inf
本次时间步长结束｜共选取0个算符:[0]｜最优参数为[0.]｜Mclachlan Distance=0.0|瞬时精确能量=6.938893903907228e-18|瞬时变分能量=6.938893903907228e-18|瞬时能量误差=0.0|精确与变分态重合度=1.0｜目前参数规模=1
保存快照: ./AVQDS-SNAPSHOT-10-17 13:43/20.pkl
-----------------第20个时间步长｜目前时间是0.9600000000000004/10.0-------------------
迭代0结束✅!Mclachlan Distance =0.0/0.01|满足停止要求😉
参数优化结果如下:[0.]|最大的参数=0.0
时间步长已经更新=0.05|inf
本次时间步长结束｜共选取0个算符:[0]｜最优参数为[0.]｜Mclachlan Distance=0.0|瞬时精确能量=6.938893903907228e-18|瞬时变分能量=6.938893903907228e-18|瞬时能量误差=0.0|精确与变分态重合度=1.0｜目前参数规模=1
保存快照: ./AVQDS-SNAPSHOT-10-17 13:43/21.pkl
-----------------第21个时间步长｜目前时间是1.0100000000000005/10.0-------------------
迭代0结束✅!Mclachlan Distance =0.0/0.01|满足停止要求😉
参数优化结果如下:[0.]|最大的参数=0.0
时间步长已经更新=0.05|inf
本次时间步长结束｜共选取0个算符:[0]｜最优参数为[0.]｜Mclachlan Distance=0.0|瞬时精确能量=6.938893903907228e-18|瞬时变分能量=6.938893903907228e-18|瞬时能量误差=0.0|精确与变分态重合度=1.0｜目前参数规模=1
保存快照: ./AVQDS-SNAPSHOT-10-17 13:43/22.pkl
-----------------第22个时间步长｜目前时间是1.0600000000000005/10.0-------------------
迭代0结束✅!Mclachlan Distance =0.0/0.01|满足停止要求😉
参数优化结果如下:[0.]|最大的参数=0.0
时间步长已经更新=0.05|inf
本次时间步长结束｜共选取0个算符:[0]｜最优参数为[0.]｜Mclachlan Distance=0.0|瞬时精确能量=6.938893903907228e-18|瞬时变分能量=6.938893903907228e-18|瞬时能量误差=0.0|精确与变分态重合度=1.0｜目前参数规模=1
保存快照: ./AVQDS-SNAPSHOT-10-17 13:43/23.pkl
-----------------第23个时间步长｜目前时间是1.1100000000000005/10.0-------------------
迭代0结束✅!Mclachlan Distance =0.0/0.01|满足停止要求😉
参数优化结果如下:[0.]|最大的参数=0.0
时间步长已经更新=0.05|inf
本次时间步长结束｜共选取0个算符:[0]｜最优参数为[0.]｜Mclachlan Distance=0.0|瞬时精确能量=6.938893903907228e-18|瞬时变分能量=6.938893903907228e-18|瞬时能量误差=0.0|精确与变分态重合度=1.0｜目前参数规模=1
保存快照: ./AVQDS-SNAPSHOT-10-17 13:43/24.pkl
-----------------第24个时间步长｜目前时间是1.1600000000000006/10.0-------------------
迭代0结束✅!Mclachlan Distance =0.0/0.01|满足停止要求😉
参数优化结果如下:[0.]|最大的参数=0.0
时间步长已经更新=0.05|inf
本次时间步长结束｜共选取0个算符:[0]｜最优参数为[0.]｜Mclachlan Distance=0.0|瞬时精确能量=6.938893903907228e-18|瞬时变分能量=6.938893903907228e-18|瞬时能量误差=0.0|精确与变分态重合度=1.0｜目前参数规模=1
保存快照: ./AVQDS-SNAPSHOT-10-17 13:43/25.pkl
-----------------第25个时间步长｜目前时间是1.2100000000000006/10.0-------------------
迭代0结束✅!Mclachlan Distance =0.0/0.01|满足停止要求😉
参数优化结果如下:[0.]|最大的参数=0.0
时间步长已经更新=0.05|inf
本次时间步长结束｜共选取0个算符:[0]｜最优参数为[0.]｜Mclachlan Distance=0.0|瞬时精确能量=6.938893903907228e-18|瞬时变分能量=6.938893903907228e-18|瞬时能量误差=0.0|精确与变分态重合度=1.0｜目前参数规模=1
保存快照: ./AVQDS-SNAPSHOT-10-17 13:43/26.pkl
-----------------第26个时间步长｜目前时间是1.2600000000000007/10.0-------------------
迭代0结束✅!Mclachlan Distance =0.0/0.01|满足停止要求😉
参数优化结果如下:[0.]|最大的参数=0.0
时间步长已经更新=0.05|inf
本次时间步长结束｜共选取0个算符:[0]｜最优参数为[0.]｜Mclachlan Distance=0.0|瞬时精确能量=6.938893903907228e-18|瞬时变分能量=6.938893903907228e-18|瞬时能量误差=0.0|精确与变分态重合度=1.0｜目前参数规模=1
保存快照: ./AVQDS-SNAPSHOT-10-17 13:43/27.pkl
-----------------第27个时间步长｜目前时间是1.3100000000000007/10.0-------------------
迭代0结束✅!Mclachlan Distance =0.0/0.01|满足停止要求😉
参数优化结果如下:[0.]|最大的参数=0.0
时间步长已经更新=0.05|inf
本次时间步长结束｜共选取0个算符:[0]｜最优参数为[0.]｜Mclachlan Distance=0.0|瞬时精确能量=6.938893903907228e-18|瞬时变分能量=6.938893903907228e-18|瞬时能量误差=0.0|精确与变分态重合度=1.0｜目前参数规模=1
保存快照: ./AVQDS-SNAPSHOT-10-17 13:43/28.pkl
-----------------第28个时间步长｜目前时间是1.3600000000000008/10.0-------------------
迭代0结束✅!Mclachlan Distance =0.0/0.01|满足停止要求😉
参数优化结果如下:[0.]|最大的参数=0.0
时间步长已经更新=0.05|inf
本次时间步长结束｜共选取0个算符:[0]｜最优参数为[0.]｜Mclachlan Distance=0.0|瞬时精确能量=6.938893903907228e-18|瞬时变分能量=6.938893903907228e-18|瞬时能量误差=0.0|精确与变分态重合度=1.0｜目前参数规模=1
保存快照: ./AVQDS-SNAPSHOT-10-17 13:43/29.pkl
-----------------第29个时间步长｜目前时间是1.4100000000000008/10.0-------------------
迭代0结束✅!Mclachlan Distance =0.0/0.01|满足停止要求😉
参数优化结果如下:[0.]|最大的参数=0.0
时间步长已经更新=0.05|inf
本次时间步长结束｜共选取0个算符:[0]｜最优参数为[0.]｜Mclachlan Distance=0.0|瞬时精确能量=6.938893903907228e-18|瞬时变分能量=6.938893903907228e-18|瞬时能量误差=0.0|精确与变分态重合度=1.0｜目前参数规模=1
保存快照: ./AVQDS-SNAPSHOT-10-17 13:43/30.pkl
-----------------第30个时间步长｜目前时间是1.4600000000000009/10.0-------------------
迭代0结束✅!Mclachlan Distance =0.0/0.01|满足停止要求😉
参数优化结果如下:[0.]|最大的参数=0.0
时间步长已经更新=0.05|inf
本次时间步长结束｜共选取0个算符:[0]｜最优参数为[0.]｜Mclachlan Distance=0.0|瞬时精确能量=6.938893903907228e-18|瞬时变分能量=6.938893903907228e-18|瞬时能量误差=0.0|精确与变分态重合度=1.0｜目前参数规模=1
保存快照: ./AVQDS-SNAPSHOT-10-17 13:43/31.pkl
-----------------第31个时间步长｜目前时间是1.510000000000001/10.0-------------------
迭代0结束✅!Mclachlan Distance =0.0/0.01|满足停止要求😉
参数优化结果如下:[0.]|最大的参数=0.0
时间步长已经更新=0.05|inf
本次时间步长结束｜共选取0个算符:[0]｜最优参数为[0.]｜Mclachlan Distance=0.0|瞬时精确能量=6.938893903907228e-18|瞬时变分能量=6.938893903907228e-18|瞬时能量误差=0.0|精确与变分态重合度=1.0｜目前参数规模=1
保存快照: ./AVQDS-SNAPSHOT-10-17 13:43/32.pkl
-----------------第32个时间步长｜目前时间是1.560000000000001/10.0-------------------
迭代0结束✅!Mclachlan Distance =0.0/0.01|满足停止要求😉
参数优化结果如下:[0.]|最大的参数=0.0
时间步长已经更新=0.05|inf
本次时间步长结束｜共选取0个算符:[0]｜最优参数为[0.]｜Mclachlan Distance=0.0|瞬时精确能量=6.938893903907228e-18|瞬时变分能量=6.938893903907228e-18|瞬时能量误差=0.0|精确与变分态重合度=1.0｜目前参数规模=1
保存快照: ./AVQDS-SNAPSHOT-10-17 13:43/33.pkl
-----------------第33个时间步长｜目前时间是1.610000000000001/10.0-------------------
迭代0结束✅!Mclachlan Distance =0.0/0.01|满足停止要求😉
参数优化结果如下:[0.]|最大的参数=0.0
时间步长已经更新=0.05|inf
本次时间步长结束｜共选取0个算符:[0]｜最优参数为[0.]｜Mclachlan Distance=0.0|瞬时精确能量=6.938893903907228e-18|瞬时变分能量=6.938893903907228e-18|瞬时能量误差=0.0|精确与变分态重合度=1.0｜目前参数规模=1
保存快照: ./AVQDS-SNAPSHOT-10-17 13:43/34.pkl
-----------------第34个时间步长｜目前时间是1.660000000000001/10.0-------------------
迭代0结束✅!Mclachlan Distance =0.0/0.01|满足停止要求😉
参数优化结果如下:[0.]|最大的参数=0.0
时间步长已经更新=0.05|inf
本次时间步长结束｜共选取0个算符:[0]｜最优参数为[0.]｜Mclachlan Distance=0.0|瞬时精确能量=6.938893903907228e-18|瞬时变分能量=6.938893903907228e-18|瞬时能量误差=0.0|精确与变分态重合度=1.0｜目前参数规模=1
保存快照: ./AVQDS-SNAPSHOT-10-17 13:43/35.pkl
-----------------第35个时间步长｜目前时间是1.710000000000001/10.0-------------------
迭代0结束✅!Mclachlan Distance =0.0/0.01|满足停止要求😉
参数优化结果如下:[0.]|最大的参数=0.0
时间步长已经更新=0.05|inf
本次时间步长结束｜共选取0个算符:[0]｜最优参数为[0.]｜Mclachlan Distance=0.0|瞬时精确能量=6.938893903907228e-18|瞬时变分能量=6.938893903907228e-18|瞬时能量误差=0.0|精确与变分态重合度=1.0｜目前参数规模=1
保存快照: ./AVQDS-SNAPSHOT-10-17 13:43/36.pkl
-----------------第36个时间步长｜目前时间是1.7600000000000011/10.0-------------------
迭代0结束✅!Mclachlan Distance =0.0/0.01|满足停止要求😉
参数优化结果如下:[0.]|最大的参数=0.0
时间步长已经更新=0.05|inf
本次时间步长结束｜共选取0个算符:[0]｜最优参数为[0.]｜Mclachlan Distance=0.0|瞬时精确能量=6.938893903907228e-18|瞬时变分能量=6.938893903907228e-18|瞬时能量误差=0.0|精确与变分态重合度=1.0｜目前参数规模=1
保存快照: ./AVQDS-SNAPSHOT-10-17 13:43/37.pkl
-----------------第37个时间步长｜目前时间是1.8100000000000012/10.0-------------------
迭代0结束✅!Mclachlan Distance =0.0/0.01|满足停止要求😉
参数优化结果如下:[0.]|最大的参数=0.0
时间步长已经更新=0.05|inf
本次时间步长结束｜共选取0个算符:[0]｜最优参数为[0.]｜Mclachlan Distance=0.0|瞬时精确能量=6.938893903907228e-18|瞬时变分能量=6.938893903907228e-18|瞬时能量误差=0.0|精确与变分态重合度=1.0｜目前参数规模=1
保存快照: ./AVQDS-SNAPSHOT-10-17 13:43/38.pkl
-----------------第38个时间步长｜目前时间是1.8600000000000012/10.0-------------------
迭代0结束✅!Mclachlan Distance =0.0/0.01|满足停止要求😉
参数优化结果如下:[0.]|最大的参数=0.0
时间步长已经更新=0.05|inf
本次时间步长结束｜共选取0个算符:[0]｜最优参数为[0.]｜Mclachlan Distance=0.0|瞬时精确能量=6.938893903907228e-18|瞬时变分能量=6.938893903907228e-18|瞬时能量误差=0.0|精确与变分态重合度=1.0｜目前参数规模=1
保存快照: ./AVQDS-SNAPSHOT-10-17 13:43/39.pkl
-----------------第39个时间步长｜目前时间是1.9100000000000013/10.0-------------------
迭代0结束✅!Mclachlan Distance =0.0/0.01|满足停止要求😉
参数优化结果如下:[0.]|最大的参数=0.0
时间步长已经更新=0.05|inf
本次时间步长结束｜共选取0个算符:[0]｜最优参数为[0.]｜Mclachlan Distance=0.0|瞬时精确能量=6.938893903907228e-18|瞬时变分能量=6.938893903907228e-18|瞬时能量误差=0.0|精确与变分态重合度=1.0｜目前参数规模=1
保存快照: ./AVQDS-SNAPSHOT-10-17 13:43/40.pkl
-----------------第40个时间步长｜目前时间是1.9600000000000013/10.0-------------------
迭代0结束✅!Mclachlan Distance =0.0/0.01|满足停止要求😉
参数优化结果如下:[0.]|最大的参数=0.0
时间步长已经更新=0.05|inf
本次时间步长结束｜共选取0个算符:[0]｜最优参数为[0.]｜Mclachlan Distance=0.0|瞬时精确能量=6.938893903907228e-18|瞬时变分能量=6.938893903907228e-18|瞬时能量误差=0.0|精确与变分态重合度=1.0｜目前参数规模=1
保存快照: ./AVQDS-SNAPSHOT-10-17 13:43/41.pkl
-----------------第41个时间步长｜目前时间是2.010000000000001/10.0-------------------
迭代0结束✅!Mclachlan Distance =0.0/0.01|满足停止要求😉
参数优化结果如下:[0.]|最大的参数=0.0
时间步长已经更新=0.05|inf
本次时间步长结束｜共选取0个算符:[0]｜最优参数为[0.]｜Mclachlan Distance=0.0|瞬时精确能量=6.938893903907228e-18|瞬时变分能量=6.938893903907228e-18|瞬时能量误差=0.0|精确与变分态重合度=1.0｜目前参数规模=1
保存快照: ./AVQDS-SNAPSHOT-10-17 13:43/42.pkl
-----------------第42个时间步长｜目前时间是2.060000000000001/10.0-------------------
迭代0结束✅!Mclachlan Distance =0.0/0.01|满足停止要求😉
参数优化结果如下:[0.]|最大的参数=0.0
时间步长已经更新=0.05|inf
本次时间步长结束｜共选取0个算符:[0]｜最优参数为[0.]｜Mclachlan Distance=0.0|瞬时精确能量=6.938893903907228e-18|瞬时变分能量=6.938893903907228e-18|瞬时能量误差=0.0|精确与变分态重合度=1.0｜目前参数规模=1
保存快照: ./AVQDS-SNAPSHOT-10-17 13:43/43.pkl
-----------------第43个时间步长｜目前时间是2.1100000000000008/10.0-------------------
迭代0结束✅!Mclachlan Distance =0.0/0.01|满足停止要求😉
参数优化结果如下:[0.]|最大的参数=0.0
时间步长已经更新=0.05|inf
本次时间步长结束｜共选取0个算符:[0]｜最优参数为[0.]｜Mclachlan Distance=0.0|瞬时精确能量=6.938893903907228e-18|瞬时变分能量=6.938893903907228e-18|瞬时能量误差=0.0|精确与变分态重合度=1.0｜目前参数规模=1
保存快照: ./AVQDS-SNAPSHOT-10-17 13:43/44.pkl
-----------------第44个时间步长｜目前时间是2.1600000000000006/10.0-------------------
迭代0结束✅!Mclachlan Distance =0.0/0.01|满足停止要求😉
参数优化结果如下:[0.]|最大的参数=0.0
时间步长已经更新=0.05|inf
本次时间步长结束｜共选取0个算符:[0]｜最优参数为[0.]｜Mclachlan Distance=0.0|瞬时精确能量=6.938893903907228e-18|瞬时变分能量=6.938893903907228e-18|瞬时能量误差=0.0|精确与变分态重合度=1.0｜目前参数规模=1
保存快照: ./AVQDS-SNAPSHOT-10-17 13:43/45.pkl
-----------------第45个时间步长｜目前时间是2.2100000000000004/10.0-------------------
迭代0结束✅!Mclachlan Distance =0.0/0.01|满足停止要求😉
参数优化结果如下:[0.]|最大的参数=0.0
时间步长已经更新=0.05|inf
本次时间步长结束｜共选取0个算符:[0]｜最优参数为[0.]｜Mclachlan Distance=0.0|瞬时精确能量=6.938893903907228e-18|瞬时变分能量=6.938893903907228e-18|瞬时能量误差=0.0|精确与变分态重合度=1.0｜目前参数规模=1
保存快照: ./AVQDS-SNAPSHOT-10-17 13:43/46.pkl
-----------------第46个时间步长｜目前时间是2.2600000000000002/10.0-------------------
迭代0结束✅!Mclachlan Distance =0.0/0.01|满足停止要求😉
参数优化结果如下:[0.]|最大的参数=0.0
时间步长已经更新=0.05|inf
本次时间步长结束｜共选取0个算符:[0]｜最优参数为[0.]｜Mclachlan Distance=0.0|瞬时精确能量=6.938893903907228e-18|瞬时变分能量=6.938893903907228e-18|瞬时能量误差=0.0|精确与变分态重合度=1.0｜目前参数规模=1
保存快照: ./AVQDS-SNAPSHOT-10-17 13:43/47.pkl
-----------------第47个时间步长｜目前时间是2.31/10.0-------------------
迭代0结束✅!Mclachlan Distance =0.0/0.01|满足停止要求😉
参数优化结果如下:[0.]|最大的参数=0.0
时间步长已经更新=0.05|inf
本次时间步长结束｜共选取0个算符:[0]｜最优参数为[0.]｜Mclachlan Distance=0.0|瞬时精确能量=6.938893903907228e-18|瞬时变分能量=6.938893903907228e-18|瞬时能量误差=0.0|精确与变分态重合度=1.0｜目前参数规模=1
保存快照: ./AVQDS-SNAPSHOT-10-17 13:43/48.pkl
-----------------第48个时间步长｜目前时间是2.36/10.0-------------------
迭代0结束✅!Mclachlan Distance =0.0/0.01|满足停止要求😉
参数优化结果如下:[0.]|最大的参数=0.0
时间步长已经更新=0.05|inf
本次时间步长结束｜共选取0个算符:[0]｜最优参数为[0.]｜Mclachlan Distance=0.0|瞬时精确能量=6.938893903907228e-18|瞬时变分能量=6.938893903907228e-18|瞬时能量误差=0.0|精确与变分态重合度=1.0｜目前参数规模=1
保存快照: ./AVQDS-SNAPSHOT-10-17 13:43/49.pkl
-----------------第49个时间步长｜目前时间是2.4099999999999997/10.0-------------------
迭代0结束✅!Mclachlan Distance =0.0/0.01|满足停止要求😉
参数优化结果如下:[0.]|最大的参数=0.0
时间步长已经更新=0.05|inf
本次时间步长结束｜共选取0个算符:[0]｜最优参数为[0.]｜Mclachlan Distance=0.0|瞬时精确能量=6.938893903907228e-18|瞬时变分能量=6.938893903907228e-18|瞬时能量误差=0.0|精确与变分态重合度=1.0｜目前参数规模=1
保存快照: ./AVQDS-SNAPSHOT-10-17 13:43/50.pkl
-----------------第50个时间步长｜目前时间是2.4599999999999995/10.0-------------------
迭代0结束✅!Mclachlan Distance =0.0/0.01|满足停止要求😉
参数优化结果如下:[0.]|最大的参数=0.0
时间步长已经更新=0.05|inf
本次时间步长结束｜共选取0个算符:[0]｜最优参数为[0.]｜Mclachlan Distance=0.0|瞬时精确能量=6.938893903907228e-18|瞬时变分能量=6.938893903907228e-18|瞬时能量误差=0.0|精确与变分态重合度=1.0｜目前参数规模=1
保存快照: ./AVQDS-SNAPSHOT-10-17 13:43/51.pkl
-----------------第51个时间步长｜目前时间是2.5099999999999993/10.0-------------------
迭代0结束✅!Mclachlan Distance =0.0/0.01|满足停止要求😉
参数优化结果如下:[0.]|最大的参数=0.0
时间步长已经更新=0.05|inf
本次时间步长结束｜共选取0个算符:[0]｜最优参数为[0.]｜Mclachlan Distance=0.0|瞬时精确能量=6.938893903907228e-18|瞬时变分能量=6.938893903907228e-18|瞬时能量误差=0.0|精确与变分态重合度=1.0｜目前参数规模=1
保存快照: ./AVQDS-SNAPSHOT-10-17 13:43/52.pkl
-----------------第52个时间步长｜目前时间是2.559999999999999/10.0-------------------
迭代0结束✅!Mclachlan Distance =0.0/0.01|满足停止要求😉
参数优化结果如下:[0.]|最大的参数=0.0
时间步长已经更新=0.05|inf
本次时间步长结束｜共选取0个算符:[0]｜最优参数为[0.]｜Mclachlan Distance=0.0|瞬时精确能量=6.938893903907228e-18|瞬时变分能量=6.938893903907228e-18|瞬时能量误差=0.0|精确与变分态重合度=1.0｜目前参数规模=1
保存快照: ./AVQDS-SNAPSHOT-10-17 13:43/53.pkl
-----------------第53个时间步长｜目前时间是2.609999999999999/10.0-------------------
迭代0结束✅!Mclachlan Distance =0.0/0.01|满足停止要求😉
参数优化结果如下:[0.]|最大的参数=0.0
时间步长已经更新=0.05|inf
本次时间步长结束｜共选取0个算符:[0]｜最优参数为[0.]｜Mclachlan Distance=0.0|瞬时精确能量=6.938893903907228e-18|瞬时变分能量=6.938893903907228e-18|瞬时能量误差=0.0|精确与变分态重合度=1.0｜目前参数规模=1
保存快照: ./AVQDS-SNAPSHOT-10-17 13:43/54.pkl
-----------------第54个时间步长｜目前时间是2.659999999999999/10.0-------------------
迭代0结束✅!Mclachlan Distance =0.0/0.01|满足停止要求😉
参数优化结果如下:[0.]|最大的参数=0.0
时间步长已经更新=0.05|inf
本次时间步长结束｜共选取0个算符:[0]｜最优参数为[0.]｜Mclachlan Distance=0.0|瞬时精确能量=6.938893903907228e-18|瞬时变分能量=6.938893903907228e-18|瞬时能量误差=0.0|精确与变分态重合度=1.0｜目前参数规模=1
保存快照: ./AVQDS-SNAPSHOT-10-17 13:43/55.pkl
-----------------第55个时间步长｜目前时间是2.7099999999999986/10.0-------------------
迭代0结束✅!Mclachlan Distance =0.0/0.01|满足停止要求😉
参数优化结果如下:[0.]|最大的参数=0.0
时间步长已经更新=0.05|inf
本次时间步长结束｜共选取0个算符:[0]｜最优参数为[0.]｜Mclachlan Distance=0.0|瞬时精确能量=6.938893903907228e-18|瞬时变分能量=6.938893903907228e-18|瞬时能量误差=0.0|精确与变分态重合度=1.0｜目前参数规模=1
保存快照: ./AVQDS-SNAPSHOT-10-17 13:43/56.pkl
-----------------第56个时间步长｜目前时间是2.7599999999999985/10.0-------------------
迭代0结束✅!Mclachlan Distance =0.0/0.01|满足停止要求😉
参数优化结果如下:[0.]|最大的参数=0.0
时间步长已经更新=0.05|inf
本次时间步长结束｜共选取0个算符:[0]｜最优参数为[0.]｜Mclachlan Distance=0.0|瞬时精确能量=6.938893903907228e-18|瞬时变分能量=6.938893903907228e-18|瞬时能量误差=0.0|精确与变分态重合度=1.0｜目前参数规模=1
保存快照: ./AVQDS-SNAPSHOT-10-17 13:43/57.pkl
-----------------第57个时间步长｜目前时间是2.8099999999999983/10.0-------------------
迭代0结束✅!Mclachlan Distance =0.0/0.01|满足停止要求😉
参数优化结果如下:[0.]|最大的参数=0.0
时间步长已经更新=0.05|inf
本次时间步长结束｜共选取0个算符:[0]｜最优参数为[0.]｜Mclachlan Distance=0.0|瞬时精确能量=6.938893903907228e-18|瞬时变分能量=6.938893903907228e-18|瞬时能量误差=0.0|精确与变分态重合度=1.0｜目前参数规模=1
保存快照: ./AVQDS-SNAPSHOT-10-17 13:43/58.pkl
-----------------第58个时间步长｜目前时间是2.859999999999998/10.0-------------------
迭代0结束✅!Mclachlan Distance =0.0/0.01|满足停止要求😉
参数优化结果如下:[0.]|最大的参数=0.0
时间步长已经更新=0.05|inf
本次时间步长结束｜共选取0个算符:[0]｜最优参数为[0.]｜Mclachlan Distance=0.0|瞬时精确能量=6.938893903907228e-18|瞬时变分能量=6.938893903907228e-18|瞬时能量误差=0.0|精确与变分态重合度=1.0｜目前参数规模=1
保存快照: ./AVQDS-SNAPSHOT-10-17 13:43/59.pkl
-----------------第59个时间步长｜目前时间是2.909999999999998/10.0-------------------
迭代0结束✅!Mclachlan Distance =0.0/0.01|满足停止要求😉
参数优化结果如下:[0.]|最大的参数=0.0
时间步长已经更新=0.05|inf
本次时间步长结束｜共选取0个算符:[0]｜最优参数为[0.]｜Mclachlan Distance=0.0|瞬时精确能量=6.938893903907228e-18|瞬时变分能量=6.938893903907228e-18|瞬时能量误差=0.0|精确与变分态重合度=1.0｜目前参数规模=1
保存快照: ./AVQDS-SNAPSHOT-10-17 13:43/60.pkl
-----------------第60个时间步长｜目前时间是2.9599999999999977/10.0-------------------
迭代0结束✅!Mclachlan Distance =0.0/0.01|满足停止要求😉
参数优化结果如下:[0.]|最大的参数=0.0
时间步长已经更新=0.05|inf
本次时间步长结束｜共选取0个算符:[0]｜最优参数为[0.]｜Mclachlan Distance=0.0|瞬时精确能量=6.938893903907228e-18|瞬时变分能量=6.938893903907228e-18|瞬时能量误差=0.0|精确与变分态重合度=1.0｜目前参数规模=1
保存快照: ./AVQDS-SNAPSHOT-10-17 13:43/61.pkl
-----------------第61个时间步长｜目前时间是3.0099999999999976/10.0-------------------
迭代0结束✅!Mclachlan Distance =0.0/0.01|满足停止要求😉
参数优化结果如下:[0.]|最大的参数=0.0
时间步长已经更新=0.05|inf
本次时间步长结束｜共选取0个算符:[0]｜最优参数为[0.]｜Mclachlan Distance=0.0|瞬时精确能量=6.938893903907228e-18|瞬时变分能量=6.938893903907228e-18|瞬时能量误差=0.0|精确与变分态重合度=1.0｜目前参数规模=1
保存快照: ./AVQDS-SNAPSHOT-10-17 13:43/62.pkl
-----------------第62个时间步长｜目前时间是3.0599999999999974/10.0-------------------
迭代0结束✅!Mclachlan Distance =0.0/0.01|满足停止要求😉
参数优化结果如下:[0.]|最大的参数=0.0
时间步长已经更新=0.05|inf
本次时间步长结束｜共选取0个算符:[0]｜最优参数为[0.]｜Mclachlan Distance=0.0|瞬时精确能量=6.938893903907228e-18|瞬时变分能量=6.938893903907228e-18|瞬时能量误差=0.0|精确与变分态重合度=1.0｜目前参数规模=1
保存快照: ./AVQDS-SNAPSHOT-10-17 13:43/63.pkl
-----------------第63个时间步长｜目前时间是3.109999999999997/10.0-------------------
迭代0结束✅!Mclachlan Distance =0.0/0.01|满足停止要求😉
参数优化结果如下:[0.]|最大的参数=0.0
时间步长已经更新=0.05|inf
本次时间步长结束｜共选取0个算符:[0]｜最优参数为[0.]｜Mclachlan Distance=0.0|瞬时精确能量=6.938893903907228e-18|瞬时变分能量=6.938893903907228e-18|瞬时能量误差=0.0|精确与变分态重合度=1.0｜目前参数规模=1
保存快照: ./AVQDS-SNAPSHOT-10-17 13:43/64.pkl
-----------------第64个时间步长｜目前时间是3.159999999999997/10.0-------------------
迭代0结束✅!Mclachlan Distance =0.0/0.01|满足停止要求😉
参数优化结果如下:[0.]|最大的参数=0.0
时间步长已经更新=0.05|inf
本次时间步长结束｜共选取0个算符:[0]｜最优参数为[0.]｜Mclachlan Distance=0.0|瞬时精确能量=6.938893903907228e-18|瞬时变分能量=6.938893903907228e-18|瞬时能量误差=0.0|精确与变分态重合度=1.0｜目前参数规模=1
保存快照: ./AVQDS-SNAPSHOT-10-17 13:43/65.pkl
-----------------第65个时间步长｜目前时间是3.209999999999997/10.0-------------------
迭代0结束✅!Mclachlan Distance =0.0/0.01|满足停止要求😉
参数优化结果如下:[0.]|最大的参数=0.0
时间步长已经更新=0.05|inf
本次时间步长结束｜共选取0个算符:[0]｜最优参数为[0.]｜Mclachlan Distance=0.0|瞬时精确能量=6.938893903907228e-18|瞬时变分能量=6.938893903907228e-18|瞬时能量误差=0.0|精确与变分态重合度=1.0｜目前参数规模=1
保存快照: ./AVQDS-SNAPSHOT-10-17 13:43/66.pkl
-----------------第66个时间步长｜目前时间是3.2599999999999967/10.0-------------------
迭代0结束✅!Mclachlan Distance =0.0/0.01|满足停止要求😉
参数优化结果如下:[0.]|最大的参数=0.0
时间步长已经更新=0.05|inf
本次时间步长结束｜共选取0个算符:[0]｜最优参数为[0.]｜Mclachlan Distance=0.0|瞬时精确能量=6.938893903907228e-18|瞬时变分能量=6.938893903907228e-18|瞬时能量误差=0.0|精确与变分态重合度=1.0｜目前参数规模=1
保存快照: ./AVQDS-SNAPSHOT-10-17 13:43/67.pkl
-----------------第67个时间步长｜目前时间是3.3099999999999965/10.0-------------------
迭代0结束✅!Mclachlan Distance =0.0/0.01|满足停止要求😉
参数优化结果如下:[0.]|最大的参数=0.0
时间步长已经更新=0.05|inf
本次时间步长结束｜共选取0个算符:[0]｜最优参数为[0.]｜Mclachlan Distance=0.0|瞬时精确能量=6.938893903907228e-18|瞬时变分能量=6.938893903907228e-18|瞬时能量误差=0.0|精确与变分态重合度=1.0｜目前参数规模=1
保存快照: ./AVQDS-SNAPSHOT-10-17 13:43/68.pkl
-----------------第68个时间步长｜目前时间是3.3599999999999963/10.0-------------------
迭代0结束✅!Mclachlan Distance =0.0/0.01|满足停止要求😉
参数优化结果如下:[0.]|最大的参数=0.0
时间步长已经更新=0.05|inf
本次时间步长结束｜共选取0个算符:[0]｜最优参数为[0.]｜Mclachlan Distance=0.0|瞬时精确能量=6.938893903907228e-18|瞬时变分能量=6.938893903907228e-18|瞬时能量误差=0.0|精确与变分态重合度=1.0｜目前参数规模=1
保存快照: ./AVQDS-SNAPSHOT-10-17 13:43/69.pkl
-----------------第69个时间步长｜目前时间是3.409999999999996/10.0-------------------
迭代0结束✅!Mclachlan Distance =0.0/0.01|满足停止要求😉
参数优化结果如下:[0.]|最大的参数=0.0
时间步长已经更新=0.05|inf
本次时间步长结束｜共选取0个算符:[0]｜最优参数为[0.]｜Mclachlan Distance=0.0|瞬时精确能量=6.938893903907228e-18|瞬时变分能量=6.938893903907228e-18|瞬时能量误差=0.0|精确与变分态重合度=1.0｜目前参数规模=1
保存快照: ./AVQDS-SNAPSHOT-10-17 13:43/70.pkl
-----------------第70个时间步长｜目前时间是3.459999999999996/10.0-------------------
迭代0结束✅!Mclachlan Distance =0.0/0.01|满足停止要求😉
参数优化结果如下:[0.]|最大的参数=0.0
时间步长已经更新=0.05|inf
本次时间步长结束｜共选取0个算符:[0]｜最优参数为[0.]｜Mclachlan Distance=0.0|瞬时精确能量=6.938893903907228e-18|瞬时变分能量=6.938893903907228e-18|瞬时能量误差=0.0|精确与变分态重合度=1.0｜目前参数规模=1
保存快照: ./AVQDS-SNAPSHOT-10-17 13:43/71.pkl
-----------------第71个时间步长｜目前时间是3.509999999999996/10.0-------------------
迭代0结束✅!Mclachlan Distance =0.0/0.01|满足停止要求😉
参数优化结果如下:[0.]|最大的参数=0.0
时间步长已经更新=0.05|inf
本次时间步长结束｜共选取0个算符:[0]｜最优参数为[0.]｜Mclachlan Distance=0.0|瞬时精确能量=6.938893903907228e-18|瞬时变分能量=6.938893903907228e-18|瞬时能量误差=0.0|精确与变分态重合度=1.0｜目前参数规模=1
保存快照: ./AVQDS-SNAPSHOT-10-17 13:43/72.pkl
-----------------第72个时间步长｜目前时间是3.5599999999999956/10.0-------------------
迭代0结束✅!Mclachlan Distance =0.0/0.01|满足停止要求😉
参数优化结果如下:[0.]|最大的参数=0.0
时间步长已经更新=0.05|inf
本次时间步长结束｜共选取0个算符:[0]｜最优参数为[0.]｜Mclachlan Distance=0.0|瞬时精确能量=6.938893903907228e-18|瞬时变分能量=6.938893903907228e-18|瞬时能量误差=0.0|精确与变分态重合度=1.0｜目前参数规模=1
保存快照: ./AVQDS-SNAPSHOT-10-17 13:43/73.pkl
-----------------第73个时间步长｜目前时间是3.6099999999999954/10.0-------------------
迭代0结束✅!Mclachlan Distance =0.0/0.01|满足停止要求😉
参数优化结果如下:[0.]|最大的参数=0.0
时间步长已经更新=0.05|inf
本次时间步长结束｜共选取0个算符:[0]｜最优参数为[0.]｜Mclachlan Distance=0.0|瞬时精确能量=6.938893903907228e-18|瞬时变分能量=6.938893903907228e-18|瞬时能量误差=0.0|精确与变分态重合度=1.0｜目前参数规模=1
保存快照: ./AVQDS-SNAPSHOT-10-17 13:43/74.pkl
-----------------第74个时间步长｜目前时间是3.6599999999999953/10.0-------------------
迭代0结束✅!Mclachlan Distance =0.0/0.01|满足停止要求😉
参数优化结果如下:[0.]|最大的参数=0.0
时间步长已经更新=0.05|inf
本次时间步长结束｜共选取0个算符:[0]｜最优参数为[0.]｜Mclachlan Distance=0.0|瞬时精确能量=6.938893903907228e-18|瞬时变分能量=6.938893903907228e-18|瞬时能量误差=0.0|精确与变分态重合度=1.0｜目前参数规模=1
保存快照: ./AVQDS-SNAPSHOT-10-17 13:43/75.pkl
-----------------第75个时间步长｜目前时间是3.709999999999995/10.0-------------------
迭代0结束✅!Mclachlan Distance =0.0/0.01|满足停止要求😉
参数优化结果如下:[0.]|最大的参数=0.0
时间步长已经更新=0.05|inf
本次时间步长结束｜共选取0个算符:[0]｜最优参数为[0.]｜Mclachlan Distance=0.0|瞬时精确能量=6.938893903907228e-18|瞬时变分能量=6.938893903907228e-18|瞬时能量误差=0.0|精确与变分态重合度=1.0｜目前参数规模=1
保存快照: ./AVQDS-SNAPSHOT-10-17 13:43/76.pkl
-----------------第76个时间步长｜目前时间是3.759999999999995/10.0-------------------
迭代0结束✅!Mclachlan Distance =0.0/0.01|满足停止要求😉
参数优化结果如下:[0.]|最大的参数=0.0
时间步长已经更新=0.05|inf
本次时间步长结束｜共选取0个算符:[0]｜最优参数为[0.]｜Mclachlan Distance=0.0|瞬时精确能量=6.938893903907228e-18|瞬时变分能量=6.938893903907228e-18|瞬时能量误差=0.0|精确与变分态重合度=1.0｜目前参数规模=1
保存快照: ./AVQDS-SNAPSHOT-10-17 13:43/77.pkl
-----------------第77个时间步长｜目前时间是3.8099999999999947/10.0-------------------
迭代0结束✅!Mclachlan Distance =0.0/0.01|满足停止要求😉
参数优化结果如下:[0.]|最大的参数=0.0
时间步长已经更新=0.05|inf
本次时间步长结束｜共选取0个算符:[0]｜最优参数为[0.]｜Mclachlan Distance=0.0|瞬时精确能量=6.938893903907228e-18|瞬时变分能量=6.938893903907228e-18|瞬时能量误差=0.0|精确与变分态重合度=1.0｜目前参数规模=1
保存快照: ./AVQDS-SNAPSHOT-10-17 13:43/78.pkl
-----------------第78个时间步长｜目前时间是3.8599999999999945/10.0-------------------
迭代0结束✅!Mclachlan Distance =0.0/0.01|满足停止要求😉
参数优化结果如下:[0.]|最大的参数=0.0
时间步长已经更新=0.05|inf
本次时间步长结束｜共选取0个算符:[0]｜最优参数为[0.]｜Mclachlan Distance=0.0|瞬时精确能量=6.938893903907228e-18|瞬时变分能量=6.938893903907228e-18|瞬时能量误差=0.0|精确与变分态重合度=1.0｜目前参数规模=1
保存快照: ./AVQDS-SNAPSHOT-10-17 13:43/79.pkl
-----------------第79个时间步长｜目前时间是3.9099999999999944/10.0-------------------
迭代0结束✅!Mclachlan Distance =0.0/0.01|满足停止要求😉
参数优化结果如下:[0.]|最大的参数=0.0
时间步长已经更新=0.05|inf
本次时间步长结束｜共选取0个算符:[0]｜最优参数为[0.]｜Mclachlan Distance=0.0|瞬时精确能量=6.938893903907228e-18|瞬时变分能量=6.938893903907228e-18|瞬时能量误差=0.0|精确与变分态重合度=1.0｜目前参数规模=1
保存快照: ./AVQDS-SNAPSHOT-10-17 13:43/80.pkl
-----------------第80个时间步长｜目前时间是3.959999999999994/10.0-------------------
迭代0结束✅!Mclachlan Distance =0.0/0.01|满足停止要求😉
参数优化结果如下:[0.]|最大的参数=0.0
时间步长已经更新=0.05|inf
本次时间步长结束｜共选取0个算符:[0]｜最优参数为[0.]｜Mclachlan Distance=0.0|瞬时精确能量=6.938893903907228e-18|瞬时变分能量=6.938893903907228e-18|瞬时能量误差=0.0|精确与变分态重合度=1.0｜目前参数规模=1
保存快照: ./AVQDS-SNAPSHOT-10-17 13:43/81.pkl
-----------------第81个时间步长｜目前时间是4.0099999999999945/10.0-------------------
迭代0结束✅!Mclachlan Distance =0.0/0.01|满足停止要求😉
参数优化结果如下:[0.]|最大的参数=0.0
时间步长已经更新=0.05|inf
本次时间步长结束｜共选取0个算符:[0]｜最优参数为[0.]｜Mclachlan Distance=0.0|瞬时精确能量=6.938893903907228e-18|瞬时变分能量=6.938893903907228e-18|瞬时能量误差=0.0|精确与变分态重合度=1.0｜目前参数规模=1
保存快照: ./AVQDS-SNAPSHOT-10-17 13:43/82.pkl
-----------------第82个时间步长｜目前时间是4.059999999999994/10.0-------------------
迭代0结束✅!Mclachlan Distance =0.0/0.01|满足停止要求😉
参数优化结果如下:[0.]|最大的参数=0.0
时间步长已经更新=0.05|inf
本次时间步长结束｜共选取0个算符:[0]｜最优参数为[0.]｜Mclachlan Distance=0.0|瞬时精确能量=6.938893903907228e-18|瞬时变分能量=6.938893903907228e-18|瞬时能量误差=0.0|精确与变分态重合度=1.0｜目前参数规模=1
保存快照: ./AVQDS-SNAPSHOT-10-17 13:43/83.pkl
-----------------第83个时间步长｜目前时间是4.109999999999994/10.0-------------------
迭代0结束✅!Mclachlan Distance =0.0/0.01|满足停止要求😉
参数优化结果如下:[0.]|最大的参数=0.0
时间步长已经更新=0.05|inf
本次时间步长结束｜共选取0个算符:[0]｜最优参数为[0.]｜Mclachlan Distance=0.0|瞬时精确能量=6.938893903907228e-18|瞬时变分能量=6.938893903907228e-18|瞬时能量误差=0.0|精确与变分态重合度=1.0｜目前参数规模=1
保存快照: ./AVQDS-SNAPSHOT-10-17 13:43/84.pkl
-----------------第84个时间步长｜目前时间是4.159999999999994/10.0-------------------
迭代0结束✅!Mclachlan Distance =0.0/0.01|满足停止要求😉
参数优化结果如下:[0.]|最大的参数=0.0
时间步长已经更新=0.05|inf
本次时间步长结束｜共选取0个算符:[0]｜最优参数为[0.]｜Mclachlan Distance=0.0|瞬时精确能量=6.938893903907228e-18|瞬时变分能量=6.938893903907228e-18|瞬时能量误差=0.0|精确与变分态重合度=1.0｜目前参数规模=1
保存快照: ./AVQDS-SNAPSHOT-10-17 13:43/85.pkl
-----------------第85个时间步长｜目前时间是4.209999999999994/10.0-------------------
迭代0结束✅!Mclachlan Distance =0.0/0.01|满足停止要求😉
参数优化结果如下:[0.]|最大的参数=0.0
时间步长已经更新=0.05|inf
本次时间步长结束｜共选取0个算符:[0]｜最优参数为[0.]｜Mclachlan Distance=0.0|瞬时精确能量=6.938893903907228e-18|瞬时变分能量=6.938893903907228e-18|瞬时能量误差=0.0|精确与变分态重合度=1.0｜目前参数规模=1
保存快照: ./AVQDS-SNAPSHOT-10-17 13:43/86.pkl
-----------------第86个时间步长｜目前时间是4.259999999999994/10.0-------------------
迭代0结束✅!Mclachlan Distance =0.0/0.01|满足停止要求😉
参数优化结果如下:[0.]|最大的参数=0.0
时间步长已经更新=0.05|inf
本次时间步长结束｜共选取0个算符:[0]｜最优参数为[0.]｜Mclachlan Distance=0.0|瞬时精确能量=6.938893903907228e-18|瞬时变分能量=6.938893903907228e-18|瞬时能量误差=0.0|精确与变分态重合度=1.0｜目前参数规模=1
保存快照: ./AVQDS-SNAPSHOT-10-17 13:43/87.pkl
-----------------第87个时间步长｜目前时间是4.309999999999993/10.0-------------------
迭代0结束✅!Mclachlan Distance =0.0/0.01|满足停止要求😉
参数优化结果如下:[0.]|最大的参数=0.0
时间步长已经更新=0.05|inf
本次时间步长结束｜共选取0个算符:[0]｜最优参数为[0.]｜Mclachlan Distance=0.0|瞬时精确能量=6.938893903907228e-18|瞬时变分能量=6.938893903907228e-18|瞬时能量误差=0.0|精确与变分态重合度=1.0｜目前参数规模=1
保存快照: ./AVQDS-SNAPSHOT-10-17 13:43/88.pkl
-----------------第88个时间步长｜目前时间是4.359999999999993/10.0-------------------
迭代0结束✅!Mclachlan Distance =0.0/0.01|满足停止要求😉
参数优化结果如下:[0.]|最大的参数=0.0
时间步长已经更新=0.05|inf
本次时间步长结束｜共选取0个算符:[0]｜最优参数为[0.]｜Mclachlan Distance=0.0|瞬时精确能量=6.938893903907228e-18|瞬时变分能量=6.938893903907228e-18|瞬时能量误差=0.0|精确与变分态重合度=1.0｜目前参数规模=1
保存快照: ./AVQDS-SNAPSHOT-10-17 13:43/89.pkl
-----------------第89个时间步长｜目前时间是4.409999999999993/10.0-------------------
迭代0结束✅!Mclachlan Distance =0.0/0.01|满足停止要求😉
参数优化结果如下:[0.]|最大的参数=0.0
时间步长已经更新=0.05|inf
本次时间步长结束｜共选取0个算符:[0]｜最优参数为[0.]｜Mclachlan Distance=0.0|瞬时精确能量=6.938893903907228e-18|瞬时变分能量=6.938893903907228e-18|瞬时能量误差=0.0|精确与变分态重合度=1.0｜目前参数规模=1
保存快照: ./AVQDS-SNAPSHOT-10-17 13:43/90.pkl
-----------------第90个时间步长｜目前时间是4.459999999999993/10.0-------------------
迭代0结束✅!Mclachlan Distance =0.0/0.01|满足停止要求😉
参数优化结果如下:[0.]|最大的参数=0.0
时间步长已经更新=0.05|inf
本次时间步长结束｜共选取0个算符:[0]｜最优参数为[0.]｜Mclachlan Distance=0.0|瞬时精确能量=6.938893903907228e-18|瞬时变分能量=6.938893903907228e-18|瞬时能量误差=0.0|精确与变分态重合度=1.0｜目前参数规模=1
保存快照: ./AVQDS-SNAPSHOT-10-17 13:43/91.pkl
-----------------第91个时间步长｜目前时间是4.509999999999993/10.0-------------------
迭代0结束✅!Mclachlan Distance =0.0/0.01|满足停止要求😉
参数优化结果如下:[0.]|最大的参数=0.0
时间步长已经更新=0.05|inf
本次时间步长结束｜共选取0个算符:[0]｜最优参数为[0.]｜Mclachlan Distance=0.0|瞬时精确能量=6.938893903907228e-18|瞬时变分能量=6.938893903907228e-18|瞬时能量误差=0.0|精确与变分态重合度=1.0｜目前参数规模=1
保存快照: ./AVQDS-SNAPSHOT-10-17 13:43/92.pkl
-----------------第92个时间步长｜目前时间是4.5599999999999925/10.0-------------------
迭代0结束✅!Mclachlan Distance =0.0/0.01|满足停止要求😉
参数优化结果如下:[0.]|最大的参数=0.0
时间步长已经更新=0.05|inf
本次时间步长结束｜共选取0个算符:[0]｜最优参数为[0.]｜Mclachlan Distance=0.0|瞬时精确能量=6.938893903907228e-18|瞬时变分能量=6.938893903907228e-18|瞬时能量误差=0.0|精确与变分态重合度=1.0｜目前参数规模=1
保存快照: ./AVQDS-SNAPSHOT-10-17 13:43/93.pkl
-----------------第93个时间步长｜目前时间是4.609999999999992/10.0-------------------
迭代0结束✅!Mclachlan Distance =0.0/0.01|满足停止要求😉
参数优化结果如下:[0.]|最大的参数=0.0
时间步长已经更新=0.05|inf
本次时间步长结束｜共选取0个算符:[0]｜最优参数为[0.]｜Mclachlan Distance=0.0|瞬时精确能量=6.938893903907228e-18|瞬时变分能量=6.938893903907228e-18|瞬时能量误差=0.0|精确与变分态重合度=1.0｜目前参数规模=1
保存快照: ./AVQDS-SNAPSHOT-10-17 13:43/94.pkl
-----------------第94个时间步长｜目前时间是4.659999999999992/10.0-------------------
迭代0结束✅!Mclachlan Distance =0.0/0.01|满足停止要求😉
参数优化结果如下:[0.]|最大的参数=0.0
时间步长已经更新=0.05|inf
本次时间步长结束｜共选取0个算符:[0]｜最优参数为[0.]｜Mclachlan Distance=0.0|瞬时精确能量=6.938893903907228e-18|瞬时变分能量=6.938893903907228e-18|瞬时能量误差=0.0|精确与变分态重合度=1.0｜目前参数规模=1
保存快照: ./AVQDS-SNAPSHOT-10-17 13:43/95.pkl
-----------------第95个时间步长｜目前时间是4.709999999999992/10.0-------------------
迭代0结束✅!Mclachlan Distance =0.0/0.01|满足停止要求😉
参数优化结果如下:[0.]|最大的参数=0.0
时间步长已经更新=0.05|inf
本次时间步长结束｜共选取0个算符:[0]｜最优参数为[0.]｜Mclachlan Distance=0.0|瞬时精确能量=6.938893903907228e-18|瞬时变分能量=6.938893903907228e-18|瞬时能量误差=0.0|精确与变分态重合度=1.0｜目前参数规模=1
保存快照: ./AVQDS-SNAPSHOT-10-17 13:43/96.pkl
-----------------第96个时间步长｜目前时间是4.759999999999992/10.0-------------------
迭代0结束✅!Mclachlan Distance =0.0/0.01|满足停止要求😉
参数优化结果如下:[0.]|最大的参数=0.0
时间步长已经更新=0.05|inf
本次时间步长结束｜共选取0个算符:[0]｜最优参数为[0.]｜Mclachlan Distance=0.0|瞬时精确能量=6.938893903907228e-18|瞬时变分能量=6.938893903907228e-18|瞬时能量误差=0.0|精确与变分态重合度=1.0｜目前参数规模=1
保存快照: ./AVQDS-SNAPSHOT-10-17 13:43/97.pkl
-----------------第97个时间步长｜目前时间是4.809999999999992/10.0-------------------
迭代0结束✅!Mclachlan Distance =0.0/0.01|满足停止要求😉
参数优化结果如下:[0.]|最大的参数=0.0
时间步长已经更新=0.05|inf
本次时间步长结束｜共选取0个算符:[0]｜最优参数为[0.]｜Mclachlan Distance=0.0|瞬时精确能量=6.938893903907228e-18|瞬时变分能量=6.938893903907228e-18|瞬时能量误差=0.0|精确与变分态重合度=1.0｜目前参数规模=1
保存快照: ./AVQDS-SNAPSHOT-10-17 13:43/98.pkl
-----------------第98个时间步长｜目前时间是4.859999999999991/10.0-------------------
迭代0结束✅!Mclachlan Distance =0.0/0.01|满足停止要求😉
参数优化结果如下:[0.]|最大的参数=0.0
时间步长已经更新=0.05|inf
本次时间步长结束｜共选取0个算符:[0]｜最优参数为[0.]｜Mclachlan Distance=0.0|瞬时精确能量=6.938893903907228e-18|瞬时变分能量=6.938893903907228e-18|瞬时能量误差=0.0|精确与变分态重合度=1.0｜目前参数规模=1
保存快照: ./AVQDS-SNAPSHOT-10-17 13:43/99.pkl
-----------------第99个时间步长｜目前时间是4.909999999999991/10.0-------------------
迭代0结束✅!Mclachlan Distance =0.0/0.01|满足停止要求😉
参数优化结果如下:[0.]|最大的参数=0.0
时间步长已经更新=0.05|inf
本次时间步长结束｜共选取0个算符:[0]｜最优参数为[0.]｜Mclachlan Distance=0.0|瞬时精确能量=6.938893903907228e-18|瞬时变分能量=6.938893903907228e-18|瞬时能量误差=0.0|精确与变分态重合度=1.0｜目前参数规模=1
保存快照: ./AVQDS-SNAPSHOT-10-17 13:43/100.pkl
-----------------第100个时间步长｜目前时间是4.959999999999991/10.0-------------------
迭代0结束✅!Mclachlan Distance =0.0/0.01|满足停止要求😉
参数优化结果如下:[0.]|最大的参数=0.0
时间步长已经更新=0.05|inf
本次时间步长结束｜共选取0个算符:[0]｜最优参数为[0.]｜Mclachlan Distance=0.0|瞬时精确能量=6.938893903907228e-18|瞬时变分能量=6.938893903907228e-18|瞬时能量误差=0.0|精确与变分态重合度=1.0｜目前参数规模=1
保存快照: ./AVQDS-SNAPSHOT-10-17 13:43/101.pkl
-----------------第101个时间步长｜目前时间是5.009999999999991/10.0-------------------
迭代0结束✅!Mclachlan Distance =0.0/0.01|满足停止要求😉
参数优化结果如下:[0.]|最大的参数=0.0
时间步长已经更新=0.05|inf
本次时间步长结束｜共选取0个算符:[0]｜最优参数为[0.]｜Mclachlan Distance=0.0|瞬时精确能量=6.938893903907228e-18|瞬时变分能量=6.938893903907228e-18|瞬时能量误差=0.0|精确与变分态重合度=1.0｜目前参数规模=1
保存快照: ./AVQDS-SNAPSHOT-10-17 13:43/102.pkl
-----------------第102个时间步长｜目前时间是5.059999999999991/10.0-------------------
迭代0结束✅!Mclachlan Distance =0.0/0.01|满足停止要求😉
参数优化结果如下:[0.]|最大的参数=0.0
时间步长已经更新=0.05|inf
本次时间步长结束｜共选取0个算符:[0]｜最优参数为[0.]｜Mclachlan Distance=0.0|瞬时精确能量=6.938893903907228e-18|瞬时变分能量=6.938893903907228e-18|瞬时能量误差=0.0|精确与变分态重合度=1.0｜目前参数规模=1
保存快照: ./AVQDS-SNAPSHOT-10-17 13:43/103.pkl
-----------------第103个时间步长｜目前时间是5.1099999999999905/10.0-------------------
迭代0结束✅!Mclachlan Distance =0.0/0.01|满足停止要求😉
参数优化结果如下:[0.]|最大的参数=0.0
时间步长已经更新=0.05|inf
本次时间步长结束｜共选取0个算符:[0]｜最优参数为[0.]｜Mclachlan Distance=0.0|瞬时精确能量=6.938893903907228e-18|瞬时变分能量=6.938893903907228e-18|瞬时能量误差=0.0|精确与变分态重合度=1.0｜目前参数规模=1
保存快照: ./AVQDS-SNAPSHOT-10-17 13:43/104.pkl
-----------------第104个时间步长｜目前时间是5.15999999999999/10.0-------------------
迭代0结束✅!Mclachlan Distance =0.0/0.01|满足停止要求😉
参数优化结果如下:[0.]|最大的参数=0.0
时间步长已经更新=0.05|inf
本次时间步长结束｜共选取0个算符:[0]｜最优参数为[0.]｜Mclachlan Distance=0.0|瞬时精确能量=6.938893903907228e-18|瞬时变分能量=6.938893903907228e-18|瞬时能量误差=0.0|精确与变分态重合度=1.0｜目前参数规模=1
保存快照: ./AVQDS-SNAPSHOT-10-17 13:43/105.pkl
-----------------第105个时间步长｜目前时间是5.20999999999999/10.0-------------------
迭代0结束✅!Mclachlan Distance =0.0/0.01|满足停止要求😉
参数优化结果如下:[0.]|最大的参数=0.0
时间步长已经更新=0.05|inf
本次时间步长结束｜共选取0个算符:[0]｜最优参数为[0.]｜Mclachlan Distance=0.0|瞬时精确能量=6.938893903907228e-18|瞬时变分能量=6.938893903907228e-18|瞬时能量误差=0.0|精确与变分态重合度=1.0｜目前参数规模=1
保存快照: ./AVQDS-SNAPSHOT-10-17 13:43/106.pkl
-----------------第106个时间步长｜目前时间是5.25999999999999/10.0-------------------
迭代0结束✅!Mclachlan Distance =0.0/0.01|满足停止要求😉
参数优化结果如下:[0.]|最大的参数=0.0
时间步长已经更新=0.05|inf
本次时间步长结束｜共选取0个算符:[0]｜最优参数为[0.]｜Mclachlan Distance=0.0|瞬时精确能量=6.938893903907228e-18|瞬时变分能量=6.938893903907228e-18|瞬时能量误差=0.0|精确与变分态重合度=1.0｜目前参数规模=1
保存快照: ./AVQDS-SNAPSHOT-10-17 13:43/107.pkl
-----------------第107个时间步长｜目前时间是5.30999999999999/10.0-------------------
迭代0结束✅!Mclachlan Distance =0.0/0.01|满足停止要求😉
参数优化结果如下:[0.]|最大的参数=0.0
时间步长已经更新=0.05|inf
本次时间步长结束｜共选取0个算符:[0]｜最优参数为[0.]｜Mclachlan Distance=0.0|瞬时精确能量=6.938893903907228e-18|瞬时变分能量=6.938893903907228e-18|瞬时能量误差=0.0|精确与变分态重合度=1.0｜目前参数规模=1
保存快照: ./AVQDS-SNAPSHOT-10-17 13:43/108.pkl
-----------------第108个时间步长｜目前时间是5.35999999999999/10.0-------------------
迭代0结束✅!Mclachlan Distance =0.0/0.01|满足停止要求😉
参数优化结果如下:[0.]|最大的参数=0.0
时间步长已经更新=0.05|inf
本次时间步长结束｜共选取0个算符:[0]｜最优参数为[0.]｜Mclachlan Distance=0.0|瞬时精确能量=6.938893903907228e-18|瞬时变分能量=6.938893903907228e-18|瞬时能量误差=0.0|精确与变分态重合度=1.0｜目前参数规模=1
保存快照: ./AVQDS-SNAPSHOT-10-17 13:43/109.pkl
-----------------第109个时间步长｜目前时间是5.4099999999999895/10.0-------------------
迭代0结束✅!Mclachlan Distance =0.0/0.01|满足停止要求😉
参数优化结果如下:[0.]|最大的参数=0.0
时间步长已经更新=0.05|inf
本次时间步长结束｜共选取0个算符:[0]｜最优参数为[0.]｜Mclachlan Distance=0.0|瞬时精确能量=6.938893903907228e-18|瞬时变分能量=6.938893903907228e-18|瞬时能量误差=0.0|精确与变分态重合度=1.0｜目前参数规模=1
保存快照: ./AVQDS-SNAPSHOT-10-17 13:43/110.pkl
-----------------第110个时间步长｜目前时间是5.459999999999989/10.0-------------------
迭代0结束✅!Mclachlan Distance =0.0/0.01|满足停止要求😉
参数优化结果如下:[0.]|最大的参数=0.0
时间步长已经更新=0.05|inf
本次时间步长结束｜共选取0个算符:[0]｜最优参数为[0.]｜Mclachlan Distance=0.0|瞬时精确能量=6.938893903907228e-18|瞬时变分能量=6.938893903907228e-18|瞬时能量误差=0.0|精确与变分态重合度=1.0｜目前参数规模=1
保存快照: ./AVQDS-SNAPSHOT-10-17 13:43/111.pkl
-----------------第111个时间步长｜目前时间是5.509999999999989/10.0-------------------
迭代0结束✅!Mclachlan Distance =0.0/0.01|满足停止要求😉
参数优化结果如下:[0.]|最大的参数=0.0
时间步长已经更新=0.05|inf
本次时间步长结束｜共选取0个算符:[0]｜最优参数为[0.]｜Mclachlan Distance=0.0|瞬时精确能量=6.938893903907228e-18|瞬时变分能量=6.938893903907228e-18|瞬时能量误差=0.0|精确与变分态重合度=1.0｜目前参数规模=1
保存快照: ./AVQDS-SNAPSHOT-10-17 13:43/112.pkl
-----------------第112个时间步长｜目前时间是5.559999999999989/10.0-------------------
迭代0结束✅!Mclachlan Distance =0.0/0.01|满足停止要求😉
参数优化结果如下:[0.]|最大的参数=0.0
时间步长已经更新=0.05|inf
本次时间步长结束｜共选取0个算符:[0]｜最优参数为[0.]｜Mclachlan Distance=0.0|瞬时精确能量=6.938893903907228e-18|瞬时变分能量=6.938893903907228e-18|瞬时能量误差=0.0|精确与变分态重合度=1.0｜目前参数规模=1
保存快照: ./AVQDS-SNAPSHOT-10-17 13:43/113.pkl
-----------------第113个时间步长｜目前时间是5.609999999999989/10.0-------------------
迭代0结束✅!Mclachlan Distance =0.0/0.01|满足停止要求😉
参数优化结果如下:[0.]|最大的参数=0.0
时间步长已经更新=0.05|inf
本次时间步长结束｜共选取0个算符:[0]｜最优参数为[0.]｜Mclachlan Distance=0.0|瞬时精确能量=6.938893903907228e-18|瞬时变分能量=6.938893903907228e-18|瞬时能量误差=0.0|精确与变分态重合度=1.0｜目前参数规模=1
保存快照: ./AVQDS-SNAPSHOT-10-17 13:43/114.pkl
-----------------第114个时间步长｜目前时间是5.659999999999989/10.0-------------------
迭代0结束✅!Mclachlan Distance =0.0/0.01|满足停止要求😉
参数优化结果如下:[0.]|最大的参数=0.0
时间步长已经更新=0.05|inf
本次时间步长结束｜共选取0个算符:[0]｜最优参数为[0.]｜Mclachlan Distance=0.0|瞬时精确能量=6.938893903907228e-18|瞬时变分能量=6.938893903907228e-18|瞬时能量误差=0.0|精确与变分态重合度=1.0｜目前参数规模=1
保存快照: ./AVQDS-SNAPSHOT-10-17 13:43/115.pkl
-----------------第115个时间步长｜目前时间是5.709999999999988/10.0-------------------
迭代0结束✅!Mclachlan Distance =0.0/0.01|满足停止要求😉
参数优化结果如下:[0.]|最大的参数=0.0
时间步长已经更新=0.05|inf
本次时间步长结束｜共选取0个算符:[0]｜最优参数为[0.]｜Mclachlan Distance=0.0|瞬时精确能量=6.938893903907228e-18|瞬时变分能量=6.938893903907228e-18|瞬时能量误差=0.0|精确与变分态重合度=1.0｜目前参数规模=1
保存快照: ./AVQDS-SNAPSHOT-10-17 13:43/116.pkl
-----------------第116个时间步长｜目前时间是5.759999999999988/10.0-------------------
迭代0结束✅!Mclachlan Distance =0.0/0.01|满足停止要求😉
参数优化结果如下:[0.]|最大的参数=0.0
时间步长已经更新=0.05|inf
本次时间步长结束｜共选取0个算符:[0]｜最优参数为[0.]｜Mclachlan Distance=0.0|瞬时精确能量=6.938893903907228e-18|瞬时变分能量=6.938893903907228e-18|瞬时能量误差=0.0|精确与变分态重合度=1.0｜目前参数规模=1
保存快照: ./AVQDS-SNAPSHOT-10-17 13:43/117.pkl
-----------------第117个时间步长｜目前时间是5.809999999999988/10.0-------------------
迭代0结束✅!Mclachlan Distance =0.0/0.01|满足停止要求😉
参数优化结果如下:[0.]|最大的参数=0.0
时间步长已经更新=0.05|inf
本次时间步长结束｜共选取0个算符:[0]｜最优参数为[0.]｜Mclachlan Distance=0.0|瞬时精确能量=6.938893903907228e-18|瞬时变分能量=6.938893903907228e-18|瞬时能量误差=0.0|精确与变分态重合度=1.0｜目前参数规模=1
保存快照: ./AVQDS-SNAPSHOT-10-17 13:43/118.pkl
-----------------第118个时间步长｜目前时间是5.859999999999988/10.0-------------------
迭代0结束✅!Mclachlan Distance =0.0/0.01|满足停止要求😉
参数优化结果如下:[0.]|最大的参数=0.0
时间步长已经更新=0.05|inf
本次时间步长结束｜共选取0个算符:[0]｜最优参数为[0.]｜Mclachlan Distance=0.0|瞬时精确能量=6.938893903907228e-18|瞬时变分能量=6.938893903907228e-18|瞬时能量误差=0.0|精确与变分态重合度=1.0｜目前参数规模=1
保存快照: ./AVQDS-SNAPSHOT-10-17 13:43/119.pkl
-----------------第119个时间步长｜目前时间是5.909999999999988/10.0-------------------
迭代0结束✅!Mclachlan Distance =0.0/0.01|满足停止要求😉
参数优化结果如下:[0.]|最大的参数=0.0
时间步长已经更新=0.05|inf
本次时间步长结束｜共选取0个算符:[0]｜最优参数为[0.]｜Mclachlan Distance=0.0|瞬时精确能量=6.938893903907228e-18|瞬时变分能量=6.938893903907228e-18|瞬时能量误差=0.0|精确与变分态重合度=1.0｜目前参数规模=1
保存快照: ./AVQDS-SNAPSHOT-10-17 13:43/120.pkl
-----------------第120个时间步长｜目前时间是5.9599999999999875/10.0-------------------
迭代0结束✅!Mclachlan Distance =0.0/0.01|满足停止要求😉
参数优化结果如下:[0.]|最大的参数=0.0
时间步长已经更新=0.05|inf
本次时间步长结束｜共选取0个算符:[0]｜最优参数为[0.]｜Mclachlan Distance=0.0|瞬时精确能量=6.938893903907228e-18|瞬时变分能量=6.938893903907228e-18|瞬时能量误差=0.0|精确与变分态重合度=1.0｜目前参数规模=1
保存快照: ./AVQDS-SNAPSHOT-10-17 13:43/121.pkl
-----------------第121个时间步长｜目前时间是6.009999999999987/10.0-------------------
迭代0结束✅!Mclachlan Distance =0.0/0.01|满足停止要求😉
参数优化结果如下:[0.]|最大的参数=0.0
时间步长已经更新=0.05|inf
本次时间步长结束｜共选取0个算符:[0]｜最优参数为[0.]｜Mclachlan Distance=0.0|瞬时精确能量=6.938893903907228e-18|瞬时变分能量=6.938893903907228e-18|瞬时能量误差=0.0|精确与变分态重合度=1.0｜目前参数规模=1
保存快照: ./AVQDS-SNAPSHOT-10-17 13:43/122.pkl
-----------------第122个时间步长｜目前时间是6.059999999999987/10.0-------------------
迭代0结束✅!Mclachlan Distance =0.0/0.01|满足停止要求😉
参数优化结果如下:[0.]|最大的参数=0.0
时间步长已经更新=0.05|inf
本次时间步长结束｜共选取0个算符:[0]｜最优参数为[0.]｜Mclachlan Distance=0.0|瞬时精确能量=6.938893903907228e-18|瞬时变分能量=6.938893903907228e-18|瞬时能量误差=0.0|精确与变分态重合度=1.0｜目前参数规模=1
保存快照: ./AVQDS-SNAPSHOT-10-17 13:43/123.pkl
-----------------第123个时间步长｜目前时间是6.109999999999987/10.0-------------------
迭代0结束✅!Mclachlan Distance =0.0/0.01|满足停止要求😉
参数优化结果如下:[0.]|最大的参数=0.0
时间步长已经更新=0.05|inf
本次时间步长结束｜共选取0个算符:[0]｜最优参数为[0.]｜Mclachlan Distance=0.0|瞬时精确能量=6.938893903907228e-18|瞬时变分能量=6.938893903907228e-18|瞬时能量误差=0.0|精确与变分态重合度=1.0｜目前参数规模=1
保存快照: ./AVQDS-SNAPSHOT-10-17 13:43/124.pkl
-----------------第124个时间步长｜目前时间是6.159999999999987/10.0-------------------
迭代0结束✅!Mclachlan Distance =0.0/0.01|满足停止要求😉
参数优化结果如下:[0.]|最大的参数=0.0
时间步长已经更新=0.05|inf
本次时间步长结束｜共选取0个算符:[0]｜最优参数为[0.]｜Mclachlan Distance=0.0|瞬时精确能量=6.938893903907228e-18|瞬时变分能量=6.938893903907228e-18|瞬时能量误差=0.0|精确与变分态重合度=1.0｜目前参数规模=1
保存快照: ./AVQDS-SNAPSHOT-10-17 13:43/125.pkl
-----------------第125个时间步长｜目前时间是6.209999999999987/10.0-------------------
迭代0结束✅!Mclachlan Distance =0.0/0.01|满足停止要求😉
参数优化结果如下:[0.]|最大的参数=0.0
时间步长已经更新=0.05|inf
本次时间步长结束｜共选取0个算符:[0]｜最优参数为[0.]｜Mclachlan Distance=0.0|瞬时精确能量=6.938893903907228e-18|瞬时变分能量=6.938893903907228e-18|瞬时能量误差=0.0|精确与变分态重合度=1.0｜目前参数规模=1
保存快照: ./AVQDS-SNAPSHOT-10-17 13:43/126.pkl
-----------------第126个时间步长｜目前时间是6.2599999999999865/10.0-------------------
迭代0结束✅!Mclachlan Distance =0.0/0.01|满足停止要求😉
参数优化结果如下:[0.]|最大的参数=0.0
时间步长已经更新=0.05|inf
本次时间步长结束｜共选取0个算符:[0]｜最优参数为[0.]｜Mclachlan Distance=0.0|瞬时精确能量=6.938893903907228e-18|瞬时变分能量=6.938893903907228e-18|瞬时能量误差=0.0|精确与变分态重合度=1.0｜目前参数规模=1
保存快照: ./AVQDS-SNAPSHOT-10-17 13:43/127.pkl
-----------------第127个时间步长｜目前时间是6.309999999999986/10.0-------------------
迭代0结束✅!Mclachlan Distance =0.0/0.01|满足停止要求😉
参数优化结果如下:[0.]|最大的参数=0.0
时间步长已经更新=0.05|inf
本次时间步长结束｜共选取0个算符:[0]｜最优参数为[0.]｜Mclachlan Distance=0.0|瞬时精确能量=6.938893903907228e-18|瞬时变分能量=6.938893903907228e-18|瞬时能量误差=0.0|精确与变分态重合度=1.0｜目前参数规模=1
保存快照: ./AVQDS-SNAPSHOT-10-17 13:43/128.pkl
-----------------第128个时间步长｜目前时间是6.359999999999986/10.0-------------------
迭代0结束✅!Mclachlan Distance =0.0/0.01|满足停止要求😉
参数优化结果如下:[0.]|最大的参数=0.0
时间步长已经更新=0.05|inf
本次时间步长结束｜共选取0个算符:[0]｜最优参数为[0.]｜Mclachlan Distance=0.0|瞬时精确能量=6.938893903907228e-18|瞬时变分能量=6.938893903907228e-18|瞬时能量误差=0.0|精确与变分态重合度=1.0｜目前参数规模=1
保存快照: ./AVQDS-SNAPSHOT-10-17 13:43/129.pkl
-----------------第129个时间步长｜目前时间是6.409999999999986/10.0-------------------
迭代0结束✅!Mclachlan Distance =0.0/0.01|满足停止要求😉
参数优化结果如下:[0.]|最大的参数=0.0
时间步长已经更新=0.05|inf
本次时间步长结束｜共选取0个算符:[0]｜最优参数为[0.]｜Mclachlan Distance=0.0|瞬时精确能量=6.938893903907228e-18|瞬时变分能量=6.938893903907228e-18|瞬时能量误差=0.0|精确与变分态重合度=1.0｜目前参数规模=1
保存快照: ./AVQDS-SNAPSHOT-10-17 13:43/130.pkl
-----------------第130个时间步长｜目前时间是6.459999999999986/10.0-------------------
迭代0结束✅!Mclachlan Distance =0.0/0.01|满足停止要求😉
参数优化结果如下:[0.]|最大的参数=0.0
时间步长已经更新=0.05|inf
本次时间步长结束｜共选取0个算符:[0]｜最优参数为[0.]｜Mclachlan Distance=0.0|瞬时精确能量=6.938893903907228e-18|瞬时变分能量=6.938893903907228e-18|瞬时能量误差=0.0|精确与变分态重合度=1.0｜目前参数规模=1
保存快照: ./AVQDS-SNAPSHOT-10-17 13:43/131.pkl
-----------------第131个时间步长｜目前时间是6.509999999999986/10.0-------------------
迭代0结束✅!Mclachlan Distance =0.0/0.01|满足停止要求😉
参数优化结果如下:[0.]|最大的参数=0.0
时间步长已经更新=0.05|inf
本次时间步长结束｜共选取0个算符:[0]｜最优参数为[0.]｜Mclachlan Distance=0.0|瞬时精确能量=6.938893903907228e-18|瞬时变分能量=6.938893903907228e-18|瞬时能量误差=0.0|精确与变分态重合度=1.0｜目前参数规模=1
保存快照: ./AVQDS-SNAPSHOT-10-17 13:43/132.pkl
-----------------第132个时间步长｜目前时间是6.559999999999985/10.0-------------------
迭代0结束✅!Mclachlan Distance =0.0/0.01|满足停止要求😉
参数优化结果如下:[0.]|最大的参数=0.0
时间步长已经更新=0.05|inf
本次时间步长结束｜共选取0个算符:[0]｜最优参数为[0.]｜Mclachlan Distance=0.0|瞬时精确能量=6.938893903907228e-18|瞬时变分能量=6.938893903907228e-18|瞬时能量误差=0.0|精确与变分态重合度=1.0｜目前参数规模=1
保存快照: ./AVQDS-SNAPSHOT-10-17 13:43/133.pkl
-----------------第133个时间步长｜目前时间是6.609999999999985/10.0-------------------
迭代0结束✅!Mclachlan Distance =0.0/0.01|满足停止要求😉
参数优化结果如下:[0.]|最大的参数=0.0
时间步长已经更新=0.05|inf
本次时间步长结束｜共选取0个算符:[0]｜最优参数为[0.]｜Mclachlan Distance=0.0|瞬时精确能量=6.938893903907228e-18|瞬时变分能量=6.938893903907228e-18|瞬时能量误差=0.0|精确与变分态重合度=1.0｜目前参数规模=1
保存快照: ./AVQDS-SNAPSHOT-10-17 13:43/134.pkl
-----------------第134个时间步长｜目前时间是6.659999999999985/10.0-------------------
迭代0结束✅!Mclachlan Distance =0.0/0.01|满足停止要求😉
参数优化结果如下:[0.]|最大的参数=0.0
时间步长已经更新=0.05|inf
本次时间步长结束｜共选取0个算符:[0]｜最优参数为[0.]｜Mclachlan Distance=0.0|瞬时精确能量=6.938893903907228e-18|瞬时变分能量=6.938893903907228e-18|瞬时能量误差=0.0|精确与变分态重合度=1.0｜目前参数规模=1
保存快照: ./AVQDS-SNAPSHOT-10-17 13:43/135.pkl
-----------------第135个时间步长｜目前时间是6.709999999999985/10.0-------------------
迭代0结束✅!Mclachlan Distance =0.0/0.01|满足停止要求😉
参数优化结果如下:[0.]|最大的参数=0.0
时间步长已经更新=0.05|inf
本次时间步长结束｜共选取0个算符:[0]｜最优参数为[0.]｜Mclachlan Distance=0.0|瞬时精确能量=6.938893903907228e-18|瞬时变分能量=6.938893903907228e-18|瞬时能量误差=0.0|精确与变分态重合度=1.0｜目前参数规模=1
保存快照: ./AVQDS-SNAPSHOT-10-17 13:43/136.pkl
-----------------第136个时间步长｜目前时间是6.759999999999985/10.0-------------------
迭代0结束✅!Mclachlan Distance =0.0/0.01|满足停止要求😉
参数优化结果如下:[0.]|最大的参数=0.0
时间步长已经更新=0.05|inf
本次时间步长结束｜共选取0个算符:[0]｜最优参数为[0.]｜Mclachlan Distance=0.0|瞬时精确能量=6.938893903907228e-18|瞬时变分能量=6.938893903907228e-18|瞬时能量误差=0.0|精确与变分态重合度=1.0｜目前参数规模=1
保存快照: ./AVQDS-SNAPSHOT-10-17 13:43/137.pkl
-----------------第137个时间步长｜目前时间是6.8099999999999845/10.0-------------------
迭代0结束✅!Mclachlan Distance =0.0/0.01|满足停止要求😉
参数优化结果如下:[0.]|最大的参数=0.0
时间步长已经更新=0.05|inf
本次时间步长结束｜共选取0个算符:[0]｜最优参数为[0.]｜Mclachlan Distance=0.0|瞬时精确能量=6.938893903907228e-18|瞬时变分能量=6.938893903907228e-18|瞬时能量误差=0.0|精确与变分态重合度=1.0｜目前参数规模=1
保存快照: ./AVQDS-SNAPSHOT-10-17 13:43/138.pkl
-----------------第138个时间步长｜目前时间是6.859999999999984/10.0-------------------
迭代0结束✅!Mclachlan Distance =0.0/0.01|满足停止要求😉
参数优化结果如下:[0.]|最大的参数=0.0
时间步长已经更新=0.05|inf
本次时间步长结束｜共选取0个算符:[0]｜最优参数为[0.]｜Mclachlan Distance=0.0|瞬时精确能量=6.938893903907228e-18|瞬时变分能量=6.938893903907228e-18|瞬时能量误差=0.0|精确与变分态重合度=1.0｜目前参数规模=1
保存快照: ./AVQDS-SNAPSHOT-10-17 13:43/139.pkl
-----------------第139个时间步长｜目前时间是6.909999999999984/10.0-------------------
迭代0结束✅!Mclachlan Distance =0.0/0.01|满足停止要求😉
参数优化结果如下:[0.]|最大的参数=0.0
时间步长已经更新=0.05|inf
本次时间步长结束｜共选取0个算符:[0]｜最优参数为[0.]｜Mclachlan Distance=0.0|瞬时精确能量=6.938893903907228e-18|瞬时变分能量=6.938893903907228e-18|瞬时能量误差=0.0|精确与变分态重合度=1.0｜目前参数规模=1
保存快照: ./AVQDS-SNAPSHOT-10-17 13:43/140.pkl
-----------------第140个时间步长｜目前时间是6.959999999999984/10.0-------------------
迭代0结束✅!Mclachlan Distance =0.0/0.01|满足停止要求😉
参数优化结果如下:[0.]|最大的参数=0.0
时间步长已经更新=0.05|inf
本次时间步长结束｜共选取0个算符:[0]｜最优参数为[0.]｜Mclachlan Distance=0.0|瞬时精确能量=6.938893903907228e-18|瞬时变分能量=6.938893903907228e-18|瞬时能量误差=0.0|精确与变分态重合度=1.0｜目前参数规模=1
保存快照: ./AVQDS-SNAPSHOT-10-17 13:43/141.pkl
-----------------第141个时间步长｜目前时间是7.009999999999984/10.0-------------------
迭代0结束✅!Mclachlan Distance =0.0/0.01|满足停止要求😉
参数优化结果如下:[0.]|最大的参数=0.0
时间步长已经更新=0.05|inf
本次时间步长结束｜共选取0个算符:[0]｜最优参数为[0.]｜Mclachlan Distance=0.0|瞬时精确能量=6.938893903907228e-18|瞬时变分能量=6.938893903907228e-18|瞬时能量误差=0.0|精确与变分态重合度=1.0｜目前参数规模=1
保存快照: ./AVQDS-SNAPSHOT-10-17 13:43/142.pkl
-----------------第142个时间步长｜目前时间是7.059999999999984/10.0-------------------
迭代0结束✅!Mclachlan Distance =0.0/0.01|满足停止要求😉
参数优化结果如下:[0.]|最大的参数=0.0
时间步长已经更新=0.05|inf
本次时间步长结束｜共选取0个算符:[0]｜最优参数为[0.]｜Mclachlan Distance=0.0|瞬时精确能量=6.938893903907228e-18|瞬时变分能量=6.938893903907228e-18|瞬时能量误差=0.0|精确与变分态重合度=1.0｜目前参数规模=1
保存快照: ./AVQDS-SNAPSHOT-10-17 13:43/143.pkl
-----------------第143个时间步长｜目前时间是7.1099999999999834/10.0-------------------
迭代0结束✅!Mclachlan Distance =0.0/0.01|满足停止要求😉
参数优化结果如下:[0.]|最大的参数=0.0
时间步长已经更新=0.05|inf
本次时间步长结束｜共选取0个算符:[0]｜最优参数为[0.]｜Mclachlan Distance=0.0|瞬时精确能量=6.938893903907228e-18|瞬时变分能量=6.938893903907228e-18|瞬时能量误差=0.0|精确与变分态重合度=1.0｜目前参数规模=1
保存快照: ./AVQDS-SNAPSHOT-10-17 13:43/144.pkl
-----------------第144个时间步长｜目前时间是7.159999999999983/10.0-------------------
迭代0结束✅!Mclachlan Distance =0.0/0.01|满足停止要求😉
参数优化结果如下:[0.]|最大的参数=0.0
时间步长已经更新=0.05|inf
本次时间步长结束｜共选取0个算符:[0]｜最优参数为[0.]｜Mclachlan Distance=0.0|瞬时精确能量=6.938893903907228e-18|瞬时变分能量=6.938893903907228e-18|瞬时能量误差=0.0|精确与变分态重合度=1.0｜目前参数规模=1
保存快照: ./AVQDS-SNAPSHOT-10-17 13:43/145.pkl
-----------------第145个时间步长｜目前时间是7.209999999999983/10.0-------------------
迭代0结束✅!Mclachlan Distance =0.0/0.01|满足停止要求😉
参数优化结果如下:[0.]|最大的参数=0.0
时间步长已经更新=0.05|inf
本次时间步长结束｜共选取0个算符:[0]｜最优参数为[0.]｜Mclachlan Distance=0.0|瞬时精确能量=6.938893903907228e-18|瞬时变分能量=6.938893903907228e-18|瞬时能量误差=0.0|精确与变分态重合度=1.0｜目前参数规模=1
保存快照: ./AVQDS-SNAPSHOT-10-17 13:43/146.pkl
-----------------第146个时间步长｜目前时间是7.259999999999983/10.0-------------------
迭代0结束✅!Mclachlan Distance =0.0/0.01|满足停止要求😉
参数优化结果如下:[0.]|最大的参数=0.0
时间步长已经更新=0.05|inf
本次时间步长结束｜共选取0个算符:[0]｜最优参数为[0.]｜Mclachlan Distance=0.0|瞬时精确能量=6.938893903907228e-18|瞬时变分能量=6.938893903907228e-18|瞬时能量误差=0.0|精确与变分态重合度=1.0｜目前参数规模=1
保存快照: ./AVQDS-SNAPSHOT-10-17 13:43/147.pkl
-----------------第147个时间步长｜目前时间是7.309999999999983/10.0-------------------
迭代0结束✅!Mclachlan Distance =0.0/0.01|满足停止要求😉
参数优化结果如下:[0.]|最大的参数=0.0
时间步长已经更新=0.05|inf
本次时间步长结束｜共选取0个算符:[0]｜最优参数为[0.]｜Mclachlan Distance=0.0|瞬时精确能量=6.938893903907228e-18|瞬时变分能量=6.938893903907228e-18|瞬时能量误差=0.0|精确与变分态重合度=1.0｜目前参数规模=1
保存快照: ./AVQDS-SNAPSHOT-10-17 13:43/148.pkl
-----------------第148个时间步长｜目前时间是7.359999999999983/10.0-------------------
迭代0结束✅!Mclachlan Distance =0.0/0.01|满足停止要求😉
参数优化结果如下:[0.]|最大的参数=0.0
时间步长已经更新=0.05|inf
本次时间步长结束｜共选取0个算符:[0]｜最优参数为[0.]｜Mclachlan Distance=0.0|瞬时精确能量=6.938893903907228e-18|瞬时变分能量=6.938893903907228e-18|瞬时能量误差=0.0|精确与变分态重合度=1.0｜目前参数规模=1
保存快照: ./AVQDS-SNAPSHOT-10-17 13:43/149.pkl
-----------------第149个时间步长｜目前时间是7.409999999999982/10.0-------------------
迭代0结束✅!Mclachlan Distance =0.0/0.01|满足停止要求😉
参数优化结果如下:[0.]|最大的参数=0.0
时间步长已经更新=0.05|inf
本次时间步长结束｜共选取0个算符:[0]｜最优参数为[0.]｜Mclachlan Distance=0.0|瞬时精确能量=6.938893903907228e-18|瞬时变分能量=6.938893903907228e-18|瞬时能量误差=0.0|精确与变分态重合度=1.0｜目前参数规模=1
保存快照: ./AVQDS-SNAPSHOT-10-17 13:43/150.pkl
-----------------第150个时间步长｜目前时间是7.459999999999982/10.0-------------------
迭代0结束✅!Mclachlan Distance =0.0/0.01|满足停止要求😉
参数优化结果如下:[0.]|最大的参数=0.0
时间步长已经更新=0.05|inf
本次时间步长结束｜共选取0个算符:[0]｜最优参数为[0.]｜Mclachlan Distance=0.0|瞬时精确能量=6.938893903907228e-18|瞬时变分能量=6.938893903907228e-18|瞬时能量误差=0.0|精确与变分态重合度=1.0｜目前参数规模=1
保存快照: ./AVQDS-SNAPSHOT-10-17 13:43/151.pkl
-----------------第151个时间步长｜目前时间是7.509999999999982/10.0-------------------
迭代0结束✅!Mclachlan Distance =0.0/0.01|满足停止要求😉
参数优化结果如下:[0.]|最大的参数=0.0
时间步长已经更新=0.05|inf
本次时间步长结束｜共选取0个算符:[0]｜最优参数为[0.]｜Mclachlan Distance=0.0|瞬时精确能量=6.938893903907228e-18|瞬时变分能量=6.938893903907228e-18|瞬时能量误差=0.0|精确与变分态重合度=1.0｜目前参数规模=1
保存快照: ./AVQDS-SNAPSHOT-10-17 13:43/152.pkl
-----------------第152个时间步长｜目前时间是7.559999999999982/10.0-------------------
迭代0结束✅!Mclachlan Distance =0.0/0.01|满足停止要求😉
参数优化结果如下:[0.]|最大的参数=0.0
时间步长已经更新=0.05|inf
本次时间步长结束｜共选取0个算符:[0]｜最优参数为[0.]｜Mclachlan Distance=0.0|瞬时精确能量=6.938893903907228e-18|瞬时变分能量=6.938893903907228e-18|瞬时能量误差=0.0|精确与变分态重合度=1.0｜目前参数规模=1
保存快照: ./AVQDS-SNAPSHOT-10-17 13:43/153.pkl
-----------------第153个时间步长｜目前时间是7.609999999999982/10.0-------------------
迭代0结束✅!Mclachlan Distance =0.0/0.01|满足停止要求😉
参数优化结果如下:[0.]|最大的参数=0.0
时间步长已经更新=0.05|inf
本次时间步长结束｜共选取0个算符:[0]｜最优参数为[0.]｜Mclachlan Distance=0.0|瞬时精确能量=6.938893903907228e-18|瞬时变分能量=6.938893903907228e-18|瞬时能量误差=0.0|精确与变分态重合度=1.0｜目前参数规模=1
保存快照: ./AVQDS-SNAPSHOT-10-17 13:43/154.pkl
-----------------第154个时间步长｜目前时间是7.6599999999999815/10.0-------------------
迭代0结束✅!Mclachlan Distance =0.0/0.01|满足停止要求😉
参数优化结果如下:[0.]|最大的参数=0.0
时间步长已经更新=0.05|inf
本次时间步长结束｜共选取0个算符:[0]｜最优参数为[0.]｜Mclachlan Distance=0.0|瞬时精确能量=6.938893903907228e-18|瞬时变分能量=6.938893903907228e-18|瞬时能量误差=0.0|精确与变分态重合度=1.0｜目前参数规模=1
保存快照: ./AVQDS-SNAPSHOT-10-17 13:43/155.pkl
-----------------第155个时间步长｜目前时间是7.709999999999981/10.0-------------------
迭代0结束✅!Mclachlan Distance =0.0/0.01|满足停止要求😉
参数优化结果如下:[0.]|最大的参数=0.0
时间步长已经更新=0.05|inf
本次时间步长结束｜共选取0个算符:[0]｜最优参数为[0.]｜Mclachlan Distance=0.0|瞬时精确能量=6.938893903907228e-18|瞬时变分能量=6.938893903907228e-18|瞬时能量误差=0.0|精确与变分态重合度=1.0｜目前参数规模=1
保存快照: ./AVQDS-SNAPSHOT-10-17 13:43/156.pkl
-----------------第156个时间步长｜目前时间是7.759999999999981/10.0-------------------
迭代0结束✅!Mclachlan Distance =0.0/0.01|满足停止要求😉
参数优化结果如下:[0.]|最大的参数=0.0
时间步长已经更新=0.05|inf
本次时间步长结束｜共选取0个算符:[0]｜最优参数为[0.]｜Mclachlan Distance=0.0|瞬时精确能量=6.938893903907228e-18|瞬时变分能量=6.938893903907228e-18|瞬时能量误差=0.0|精确与变分态重合度=1.0｜目前参数规模=1
保存快照: ./AVQDS-SNAPSHOT-10-17 13:43/157.pkl
-----------------第157个时间步长｜目前时间是7.809999999999981/10.0-------------------
迭代0结束✅!Mclachlan Distance =0.0/0.01|满足停止要求😉
参数优化结果如下:[0.]|最大的参数=0.0
时间步长已经更新=0.05|inf
本次时间步长结束｜共选取0个算符:[0]｜最优参数为[0.]｜Mclachlan Distance=0.0|瞬时精确能量=6.938893903907228e-18|瞬时变分能量=6.938893903907228e-18|瞬时能量误差=0.0|精确与变分态重合度=1.0｜目前参数规模=1
保存快照: ./AVQDS-SNAPSHOT-10-17 13:43/158.pkl
-----------------第158个时间步长｜目前时间是7.859999999999981/10.0-------------------
迭代0结束✅!Mclachlan Distance =0.0/0.01|满足停止要求😉
参数优化结果如下:[0.]|最大的参数=0.0
时间步长已经更新=0.05|inf
本次时间步长结束｜共选取0个算符:[0]｜最优参数为[0.]｜Mclachlan Distance=0.0|瞬时精确能量=6.938893903907228e-18|瞬时变分能量=6.938893903907228e-18|瞬时能量误差=0.0|精确与变分态重合度=1.0｜目前参数规模=1
保存快照: ./AVQDS-SNAPSHOT-10-17 13:43/159.pkl
-----------------第159个时间步长｜目前时间是7.909999999999981/10.0-------------------
迭代0结束✅!Mclachlan Distance =0.0/0.01|满足停止要求😉
参数优化结果如下:[0.]|最大的参数=0.0
时间步长已经更新=0.05|inf
本次时间步长结束｜共选取0个算符:[0]｜最优参数为[0.]｜Mclachlan Distance=0.0|瞬时精确能量=6.938893903907228e-18|瞬时变分能量=6.938893903907228e-18|瞬时能量误差=0.0|精确与变分态重合度=1.0｜目前参数规模=1
保存快照: ./AVQDS-SNAPSHOT-10-17 13:43/160.pkl
-----------------第160个时间步长｜目前时间是7.95999999999998/10.0-------------------
迭代0结束✅!Mclachlan Distance =0.0/0.01|满足停止要求😉
参数优化结果如下:[0.]|最大的参数=0.0
时间步长已经更新=0.05|inf
本次时间步长结束｜共选取0个算符:[0]｜最优参数为[0.]｜Mclachlan Distance=0.0|瞬时精确能量=6.938893903907228e-18|瞬时变分能量=6.938893903907228e-18|瞬时能量误差=0.0|精确与变分态重合度=1.0｜目前参数规模=1
保存快照: ./AVQDS-SNAPSHOT-10-17 13:43/161.pkl
-----------------第161个时间步长｜目前时间是8.00999999999998/10.0-------------------
迭代0结束✅!Mclachlan Distance =0.0/0.01|满足停止要求😉
参数优化结果如下:[0.]|最大的参数=0.0
时间步长已经更新=0.05|inf
本次时间步长结束｜共选取0个算符:[0]｜最优参数为[0.]｜Mclachlan Distance=0.0|瞬时精确能量=6.938893903907228e-18|瞬时变分能量=6.938893903907228e-18|瞬时能量误差=0.0|精确与变分态重合度=1.0｜目前参数规模=1
保存快照: ./AVQDS-SNAPSHOT-10-17 13:43/162.pkl
-----------------第162个时间步长｜目前时间是8.059999999999981/10.0-------------------
迭代0结束✅!Mclachlan Distance =0.0/0.01|满足停止要求😉
参数优化结果如下:[0.]|最大的参数=0.0
时间步长已经更新=0.05|inf
本次时间步长结束｜共选取0个算符:[0]｜最优参数为[0.]｜Mclachlan Distance=0.0|瞬时精确能量=6.938893903907228e-18|瞬时变分能量=6.938893903907228e-18|瞬时能量误差=0.0|精确与变分态重合度=1.0｜目前参数规模=1
保存快照: ./AVQDS-SNAPSHOT-10-17 13:43/163.pkl
-----------------第163个时间步长｜目前时间是8.109999999999982/10.0-------------------
迭代0结束✅!Mclachlan Distance =0.0/0.01|满足停止要求😉
参数优化结果如下:[0.]|最大的参数=0.0
时间步长已经更新=0.05|inf
本次时间步长结束｜共选取0个算符:[0]｜最优参数为[0.]｜Mclachlan Distance=0.0|瞬时精确能量=6.938893903907228e-18|瞬时变分能量=6.938893903907228e-18|瞬时能量误差=0.0|精确与变分态重合度=1.0｜目前参数规模=1
保存快照: ./AVQDS-SNAPSHOT-10-17 13:43/164.pkl
-----------------第164个时间步长｜目前时间是8.159999999999982/10.0-------------------
迭代0结束✅!Mclachlan Distance =0.0/0.01|满足停止要求😉
参数优化结果如下:[0.]|最大的参数=0.0
时间步长已经更新=0.05|inf
本次时间步长结束｜共选取0个算符:[0]｜最优参数为[0.]｜Mclachlan Distance=0.0|瞬时精确能量=6.938893903907228e-18|瞬时变分能量=6.938893903907228e-18|瞬时能量误差=0.0|精确与变分态重合度=1.0｜目前参数规模=1
保存快照: ./AVQDS-SNAPSHOT-10-17 13:43/165.pkl
-----------------第165个时间步长｜目前时间是8.209999999999983/10.0-------------------
迭代0结束✅!Mclachlan Distance =0.0/0.01|满足停止要求😉
参数优化结果如下:[0.]|最大的参数=0.0
时间步长已经更新=0.05|inf
本次时间步长结束｜共选取0个算符:[0]｜最优参数为[0.]｜Mclachlan Distance=0.0|瞬时精确能量=6.938893903907228e-18|瞬时变分能量=6.938893903907228e-18|瞬时能量误差=0.0|精确与变分态重合度=1.0｜目前参数规模=1
保存快照: ./AVQDS-SNAPSHOT-10-17 13:43/166.pkl
-----------------第166个时间步长｜目前时间是8.259999999999984/10.0-------------------
迭代0结束✅!Mclachlan Distance =0.0/0.01|满足停止要求😉
参数优化结果如下:[0.]|最大的参数=0.0
时间步长已经更新=0.05|inf
本次时间步长结束｜共选取0个算符:[0]｜最优参数为[0.]｜Mclachlan Distance=0.0|瞬时精确能量=6.938893903907228e-18|瞬时变分能量=6.938893903907228e-18|瞬时能量误差=0.0|精确与变分态重合度=1.0｜目前参数规模=1
保存快照: ./AVQDS-SNAPSHOT-10-17 13:43/167.pkl
-----------------第167个时间步长｜目前时间是8.309999999999985/10.0-------------------
迭代0结束✅!Mclachlan Distance =0.0/0.01|满足停止要求😉
参数优化结果如下:[0.]|最大的参数=0.0
时间步长已经更新=0.05|inf
本次时间步长结束｜共选取0个算符:[0]｜最优参数为[0.]｜Mclachlan Distance=0.0|瞬时精确能量=6.938893903907228e-18|瞬时变分能量=6.938893903907228e-18|瞬时能量误差=0.0|精确与变分态重合度=1.0｜目前参数规模=1
保存快照: ./AVQDS-SNAPSHOT-10-17 13:43/168.pkl
-----------------第168个时间步长｜目前时间是8.359999999999985/10.0-------------------
迭代0结束✅!Mclachlan Distance =0.0/0.01|满足停止要求😉
参数优化结果如下:[0.]|最大的参数=0.0
时间步长已经更新=0.05|inf
本次时间步长结束｜共选取0个算符:[0]｜最优参数为[0.]｜Mclachlan Distance=0.0|瞬时精确能量=6.938893903907228e-18|瞬时变分能量=6.938893903907228e-18|瞬时能量误差=0.0|精确与变分态重合度=1.0｜目前参数规模=1
保存快照: ./AVQDS-SNAPSHOT-10-17 13:43/169.pkl
-----------------第169个时间步长｜目前时间是8.409999999999986/10.0-------------------
迭代0结束✅!Mclachlan Distance =0.0/0.01|满足停止要求😉
参数优化结果如下:[0.]|最大的参数=0.0
时间步长已经更新=0.05|inf
本次时间步长结束｜共选取0个算符:[0]｜最优参数为[0.]｜Mclachlan Distance=0.0|瞬时精确能量=6.938893903907228e-18|瞬时变分能量=6.938893903907228e-18|瞬时能量误差=0.0|精确与变分态重合度=1.0｜目前参数规模=1
保存快照: ./AVQDS-SNAPSHOT-10-17 13:43/170.pkl
-----------------第170个时间步长｜目前时间是8.459999999999987/10.0-------------------
迭代0结束✅!Mclachlan Distance =0.0/0.01|满足停止要求😉
参数优化结果如下:[0.]|最大的参数=0.0
时间步长已经更新=0.05|inf
本次时间步长结束｜共选取0个算符:[0]｜最优参数为[0.]｜Mclachlan Distance=0.0|瞬时精确能量=6.938893903907228e-18|瞬时变分能量=6.938893903907228e-18|瞬时能量误差=0.0|精确与变分态重合度=1.0｜目前参数规模=1
保存快照: ./AVQDS-SNAPSHOT-10-17 13:43/171.pkl
-----------------第171个时间步长｜目前时间是8.509999999999987/10.0-------------------
迭代0结束✅!Mclachlan Distance =0.0/0.01|满足停止要求😉
参数优化结果如下:[0.]|最大的参数=0.0
时间步长已经更新=0.05|inf
本次时间步长结束｜共选取0个算符:[0]｜最优参数为[0.]｜Mclachlan Distance=0.0|瞬时精确能量=6.938893903907228e-18|瞬时变分能量=6.938893903907228e-18|瞬时能量误差=0.0|精确与变分态重合度=1.0｜目前参数规模=1
保存快照: ./AVQDS-SNAPSHOT-10-17 13:43/172.pkl
-----------------第172个时间步长｜目前时间是8.559999999999988/10.0-------------------
迭代0结束✅!Mclachlan Distance =0.0/0.01|满足停止要求😉
参数优化结果如下:[0.]|最大的参数=0.0
时间步长已经更新=0.05|inf
本次时间步长结束｜共选取0个算符:[0]｜最优参数为[0.]｜Mclachlan Distance=0.0|瞬时精确能量=6.938893903907228e-18|瞬时变分能量=6.938893903907228e-18|瞬时能量误差=0.0|精确与变分态重合度=1.0｜目前参数规模=1
保存快照: ./AVQDS-SNAPSHOT-10-17 13:43/173.pkl
-----------------第173个时间步长｜目前时间是8.609999999999989/10.0-------------------
迭代0结束✅!Mclachlan Distance =0.0/0.01|满足停止要求😉
参数优化结果如下:[0.]|最大的参数=0.0
时间步长已经更新=0.05|inf
本次时间步长结束｜共选取0个算符:[0]｜最优参数为[0.]｜Mclachlan Distance=0.0|瞬时精确能量=6.938893903907228e-18|瞬时变分能量=6.938893903907228e-18|瞬时能量误差=0.0|精确与变分态重合度=1.0｜目前参数规模=1
保存快照: ./AVQDS-SNAPSHOT-10-17 13:43/174.pkl
-----------------第174个时间步长｜目前时间是8.65999999999999/10.0-------------------
迭代0结束✅!Mclachlan Distance =0.0/0.01|满足停止要求😉
参数优化结果如下:[0.]|最大的参数=0.0
时间步长已经更新=0.05|inf
本次时间步长结束｜共选取0个算符:[0]｜最优参数为[0.]｜Mclachlan Distance=0.0|瞬时精确能量=6.938893903907228e-18|瞬时变分能量=6.938893903907228e-18|瞬时能量误差=0.0|精确与变分态重合度=1.0｜目前参数规模=1
保存快照: ./AVQDS-SNAPSHOT-10-17 13:43/175.pkl
-----------------第175个时间步长｜目前时间是8.70999999999999/10.0-------------------
迭代0结束✅!Mclachlan Distance =0.0/0.01|满足停止要求😉
参数优化结果如下:[0.]|最大的参数=0.0
时间步长已经更新=0.05|inf
本次时间步长结束｜共选取0个算符:[0]｜最优参数为[0.]｜Mclachlan Distance=0.0|瞬时精确能量=6.938893903907228e-18|瞬时变分能量=6.938893903907228e-18|瞬时能量误差=0.0|精确与变分态重合度=1.0｜目前参数规模=1
保存快照: ./AVQDS-SNAPSHOT-10-17 13:43/176.pkl
-----------------第176个时间步长｜目前时间是8.759999999999991/10.0-------------------
迭代0结束✅!Mclachlan Distance =0.0/0.01|满足停止要求😉
参数优化结果如下:[0.]|最大的参数=0.0
时间步长已经更新=0.05|inf
本次时间步长结束｜共选取0个算符:[0]｜最优参数为[0.]｜Mclachlan Distance=0.0|瞬时精确能量=6.938893903907228e-18|瞬时变分能量=6.938893903907228e-18|瞬时能量误差=0.0|精确与变分态重合度=1.0｜目前参数规模=1
保存快照: ./AVQDS-SNAPSHOT-10-17 13:43/177.pkl
-----------------第177个时间步长｜目前时间是8.809999999999992/10.0-------------------
迭代0结束✅!Mclachlan Distance =0.0/0.01|满足停止要求😉
参数优化结果如下:[0.]|最大的参数=0.0
时间步长已经更新=0.05|inf
本次时间步长结束｜共选取0个算符:[0]｜最优参数为[0.]｜Mclachlan Distance=0.0|瞬时精确能量=6.938893903907228e-18|瞬时变分能量=6.938893903907228e-18|瞬时能量误差=0.0|精确与变分态重合度=1.0｜目前参数规模=1
保存快照: ./AVQDS-SNAPSHOT-10-17 13:43/178.pkl
-----------------第178个时间步长｜目前时间是8.859999999999992/10.0-------------------
迭代0结束✅!Mclachlan Distance =0.0/0.01|满足停止要求😉
参数优化结果如下:[0.]|最大的参数=0.0
时间步长已经更新=0.05|inf
本次时间步长结束｜共选取0个算符:[0]｜最优参数为[0.]｜Mclachlan Distance=0.0|瞬时精确能量=6.938893903907228e-18|瞬时变分能量=6.938893903907228e-18|瞬时能量误差=0.0|精确与变分态重合度=1.0｜目前参数规模=1
保存快照: ./AVQDS-SNAPSHOT-10-17 13:43/179.pkl
-----------------第179个时间步长｜目前时间是8.909999999999993/10.0-------------------
迭代0结束✅!Mclachlan Distance =0.0/0.01|满足停止要求😉
参数优化结果如下:[0.]|最大的参数=0.0
时间步长已经更新=0.05|inf
本次时间步长结束｜共选取0个算符:[0]｜最优参数为[0.]｜Mclachlan Distance=0.0|瞬时精确能量=6.938893903907228e-18|瞬时变分能量=6.938893903907228e-18|瞬时能量误差=0.0|精确与变分态重合度=1.0｜目前参数规模=1
保存快照: ./AVQDS-SNAPSHOT-10-17 13:43/180.pkl
-----------------第180个时间步长｜目前时间是8.959999999999994/10.0-------------------
迭代0结束✅!Mclachlan Distance =0.0/0.01|满足停止要求😉
参数优化结果如下:[0.]|最大的参数=0.0
时间步长已经更新=0.05|inf
本次时间步长结束｜共选取0个算符:[0]｜最优参数为[0.]｜Mclachlan Distance=0.0|瞬时精确能量=6.938893903907228e-18|瞬时变分能量=6.938893903907228e-18|瞬时能量误差=0.0|精确与变分态重合度=1.0｜目前参数规模=1
保存快照: ./AVQDS-SNAPSHOT-10-17 13:43/181.pkl
-----------------第181个时间步长｜目前时间是9.009999999999994/10.0-------------------
迭代0结束✅!Mclachlan Distance =0.0/0.01|满足停止要求😉
参数优化结果如下:[0.]|最大的参数=0.0
时间步长已经更新=0.05|inf
本次时间步长结束｜共选取0个算符:[0]｜最优参数为[0.]｜Mclachlan Distance=0.0|瞬时精确能量=6.938893903907228e-18|瞬时变分能量=6.938893903907228e-18|瞬时能量误差=0.0|精确与变分态重合度=1.0｜目前参数规模=1
保存快照: ./AVQDS-SNAPSHOT-10-17 13:43/182.pkl
-----------------第182个时间步长｜目前时间是9.059999999999995/10.0-------------------
迭代0结束✅!Mclachlan Distance =0.0/0.01|满足停止要求😉
参数优化结果如下:[0.]|最大的参数=0.0
时间步长已经更新=0.05|inf
本次时间步长结束｜共选取0个算符:[0]｜最优参数为[0.]｜Mclachlan Distance=0.0|瞬时精确能量=6.938893903907228e-18|瞬时变分能量=6.938893903907228e-18|瞬时能量误差=0.0|精确与变分态重合度=1.0｜目前参数规模=1
保存快照: ./AVQDS-SNAPSHOT-10-17 13:43/183.pkl
-----------------第183个时间步长｜目前时间是9.109999999999996/10.0-------------------
迭代0结束✅!Mclachlan Distance =0.0/0.01|满足停止要求😉
参数优化结果如下:[0.]|最大的参数=0.0
时间步长已经更新=0.05|inf
本次时间步长结束｜共选取0个算符:[0]｜最优参数为[0.]｜Mclachlan Distance=0.0|瞬时精确能量=6.938893903907228e-18|瞬时变分能量=6.938893903907228e-18|瞬时能量误差=0.0|精确与变分态重合度=1.0｜目前参数规模=1
保存快照: ./AVQDS-SNAPSHOT-10-17 13:43/184.pkl
-----------------第184个时间步长｜目前时间是9.159999999999997/10.0-------------------
迭代0结束✅!Mclachlan Distance =0.0/0.01|满足停止要求😉
参数优化结果如下:[0.]|最大的参数=0.0
时间步长已经更新=0.05|inf
本次时间步长结束｜共选取0个算符:[0]｜最优参数为[0.]｜Mclachlan Distance=0.0|瞬时精确能量=6.938893903907228e-18|瞬时变分能量=6.938893903907228e-18|瞬时能量误差=0.0|精确与变分态重合度=1.0｜目前参数规模=1
保存快照: ./AVQDS-SNAPSHOT-10-17 13:43/185.pkl
-----------------第185个时间步长｜目前时间是9.209999999999997/10.0-------------------
迭代0结束✅!Mclachlan Distance =0.0/0.01|满足停止要求😉
参数优化结果如下:[0.]|最大的参数=0.0
时间步长已经更新=0.05|inf
本次时间步长结束｜共选取0个算符:[0]｜最优参数为[0.]｜Mclachlan Distance=0.0|瞬时精确能量=6.938893903907228e-18|瞬时变分能量=6.938893903907228e-18|瞬时能量误差=0.0|精确与变分态重合度=1.0｜目前参数规模=1
保存快照: ./AVQDS-SNAPSHOT-10-17 13:43/186.pkl
-----------------第186个时间步长｜目前时间是9.259999999999998/10.0-------------------
迭代0结束✅!Mclachlan Distance =0.0/0.01|满足停止要求😉
参数优化结果如下:[0.]|最大的参数=0.0
时间步长已经更新=0.05|inf
本次时间步长结束｜共选取0个算符:[0]｜最优参数为[0.]｜Mclachlan Distance=0.0|瞬时精确能量=6.938893903907228e-18|瞬时变分能量=6.938893903907228e-18|瞬时能量误差=0.0|精确与变分态重合度=1.0｜目前参数规模=1
保存快照: ./AVQDS-SNAPSHOT-10-17 13:43/187.pkl
-----------------第187个时间步长｜目前时间是9.309999999999999/10.0-------------------
迭代0结束✅!Mclachlan Distance =0.0/0.01|满足停止要求😉
参数优化结果如下:[0.]|最大的参数=0.0
时间步长已经更新=0.05|inf
本次时间步长结束｜共选取0个算符:[0]｜最优参数为[0.]｜Mclachlan Distance=0.0|瞬时精确能量=6.938893903907228e-18|瞬时变分能量=6.938893903907228e-18|瞬时能量误差=0.0|精确与变分态重合度=1.0｜目前参数规模=1
保存快照: ./AVQDS-SNAPSHOT-10-17 13:43/188.pkl
-----------------第188个时间步长｜目前时间是9.36/10.0-------------------
迭代0结束✅!Mclachlan Distance =0.0/0.01|满足停止要求😉
参数优化结果如下:[0.]|最大的参数=0.0
时间步长已经更新=0.05|inf
本次时间步长结束｜共选取0个算符:[0]｜最优参数为[0.]｜Mclachlan Distance=0.0|瞬时精确能量=6.938893903907228e-18|瞬时变分能量=6.938893903907228e-18|瞬时能量误差=0.0|精确与变分态重合度=1.0｜目前参数规模=1
保存快照: ./AVQDS-SNAPSHOT-10-17 13:43/189.pkl
-----------------第189个时间步长｜目前时间是9.41/10.0-------------------
迭代0结束✅!Mclachlan Distance =0.0/0.01|满足停止要求😉
参数优化结果如下:[0.]|最大的参数=0.0
时间步长已经更新=0.05|inf
本次时间步长结束｜共选取0个算符:[0]｜最优参数为[0.]｜Mclachlan Distance=0.0|瞬时精确能量=6.938893903907228e-18|瞬时变分能量=6.938893903907228e-18|瞬时能量误差=0.0|精确与变分态重合度=1.0｜目前参数规模=1
保存快照: ./AVQDS-SNAPSHOT-10-17 13:43/190.pkl
-----------------第190个时间步长｜目前时间是9.46/10.0-------------------
迭代0结束✅!Mclachlan Distance =0.0/0.01|满足停止要求😉
参数优化结果如下:[0.]|最大的参数=0.0
时间步长已经更新=0.05|inf
本次时间步长结束｜共选取0个算符:[0]｜最优参数为[0.]｜Mclachlan Distance=0.0|瞬时精确能量=6.938893903907228e-18|瞬时变分能量=6.938893903907228e-18|瞬时能量误差=0.0|精确与变分态重合度=1.0｜目前参数规模=1
保存快照: ./AVQDS-SNAPSHOT-10-17 13:43/191.pkl
-----------------第191个时间步长｜目前时间是9.510000000000002/10.0-------------------
迭代0结束✅!Mclachlan Distance =0.0/0.01|满足停止要求😉
参数优化结果如下:[0.]|最大的参数=0.0
时间步长已经更新=0.05|inf
本次时间步长结束｜共选取0个算符:[0]｜最优参数为[0.]｜Mclachlan Distance=0.0|瞬时精确能量=6.938893903907228e-18|瞬时变分能量=6.938893903907228e-18|瞬时能量误差=0.0|精确与变分态重合度=1.0｜目前参数规模=1
保存快照: ./AVQDS-SNAPSHOT-10-17 13:43/192.pkl
-----------------第192个时间步长｜目前时间是9.560000000000002/10.0-------------------
迭代0结束✅!Mclachlan Distance =0.0/0.01|满足停止要求😉
参数优化结果如下:[0.]|最大的参数=0.0
时间步长已经更新=0.05|inf
本次时间步长结束｜共选取0个算符:[0]｜最优参数为[0.]｜Mclachlan Distance=0.0|瞬时精确能量=6.938893903907228e-18|瞬时变分能量=6.938893903907228e-18|瞬时能量误差=0.0|精确与变分态重合度=1.0｜目前参数规模=1
保存快照: ./AVQDS-SNAPSHOT-10-17 13:43/193.pkl
-----------------第193个时间步长｜目前时间是9.610000000000003/10.0-------------------
迭代0结束✅!Mclachlan Distance =0.0/0.01|满足停止要求😉
参数优化结果如下:[0.]|最大的参数=0.0
时间步长已经更新=0.05|inf
本次时间步长结束｜共选取0个算符:[0]｜最优参数为[0.]｜Mclachlan Distance=0.0|瞬时精确能量=6.938893903907228e-18|瞬时变分能量=6.938893903907228e-18|瞬时能量误差=0.0|精确与变分态重合度=1.0｜目前参数规模=1
保存快照: ./AVQDS-SNAPSHOT-10-17 13:43/194.pkl
-----------------第194个时间步长｜目前时间是9.660000000000004/10.0-------------------
迭代0结束✅!Mclachlan Distance =0.0/0.01|满足停止要求😉
参数优化结果如下:[0.]|最大的参数=0.0
时间步长已经更新=0.05|inf
本次时间步长结束｜共选取0个算符:[0]｜最优参数为[0.]｜Mclachlan Distance=0.0|瞬时精确能量=6.938893903907228e-18|瞬时变分能量=6.938893903907228e-18|瞬时能量误差=0.0|精确与变分态重合度=1.0｜目前参数规模=1
保存快照: ./AVQDS-SNAPSHOT-10-17 13:43/195.pkl
-----------------第195个时间步长｜目前时间是9.710000000000004/10.0-------------------
迭代0结束✅!Mclachlan Distance =0.0/0.01|满足停止要求😉
参数优化结果如下:[0.]|最大的参数=0.0
时间步长已经更新=0.05|inf
本次时间步长结束｜共选取0个算符:[0]｜最优参数为[0.]｜Mclachlan Distance=0.0|瞬时精确能量=6.938893903907228e-18|瞬时变分能量=6.938893903907228e-18|瞬时能量误差=0.0|精确与变分态重合度=1.0｜目前参数规模=1
保存快照: ./AVQDS-SNAPSHOT-10-17 13:43/196.pkl
-----------------第196个时间步长｜目前时间是9.760000000000005/10.0-------------------
迭代0结束✅!Mclachlan Distance =0.0/0.01|满足停止要求😉
参数优化结果如下:[0.]|最大的参数=0.0
时间步长已经更新=0.05|inf
本次时间步长结束｜共选取0个算符:[0]｜最优参数为[0.]｜Mclachlan Distance=0.0|瞬时精确能量=6.938893903907228e-18|瞬时变分能量=6.938893903907228e-18|瞬时能量误差=0.0|精确与变分态重合度=1.0｜目前参数规模=1
保存快照: ./AVQDS-SNAPSHOT-10-17 13:43/197.pkl
-----------------第197个时间步长｜目前时间是9.810000000000006/10.0-------------------
迭代0结束✅!Mclachlan Distance =0.0/0.01|满足停止要求😉
参数优化结果如下:[0.]|最大的参数=0.0
时间步长已经更新=0.05|inf
本次时间步长结束｜共选取0个算符:[0]｜最优参数为[0.]｜Mclachlan Distance=0.0|瞬时精确能量=6.938893903907228e-18|瞬时变分能量=6.938893903907228e-18|瞬时能量误差=0.0|精确与变分态重合度=1.0｜目前参数规模=1
保存快照: ./AVQDS-SNAPSHOT-10-17 13:43/198.pkl
-----------------第198个时间步长｜目前时间是9.860000000000007/10.0-------------------
迭代0结束✅!Mclachlan Distance =0.0/0.01|满足停止要求😉
参数优化结果如下:[0.]|最大的参数=0.0
时间步长已经更新=0.05|inf
本次时间步长结束｜共选取0个算符:[0]｜最优参数为[0.]｜Mclachlan Distance=0.0|瞬时精确能量=6.938893903907228e-18|瞬时变分能量=6.938893903907228e-18|瞬时能量误差=0.0|精确与变分态重合度=1.0｜目前参数规模=1
保存快照: ./AVQDS-SNAPSHOT-10-17 13:43/199.pkl
-----------------第199个时间步长｜目前时间是9.910000000000007/10.0-------------------
迭代0结束✅!Mclachlan Distance =0.0/0.01|满足停止要求😉
参数优化结果如下:[0.]|最大的参数=0.0
时间步长已经更新=0.05|inf
本次时间步长结束｜共选取0个算符:[0]｜最优参数为[0.]｜Mclachlan Distance=0.0|瞬时精确能量=6.938893903907228e-18|瞬时变分能量=6.938893903907228e-18|瞬时能量误差=0.0|精确与变分态重合度=1.0｜目前参数规模=1
保存快照: ./AVQDS-SNAPSHOT-10-17 13:43/200.pkl
-----------------第200个时间步长｜目前时间是9.960000000000008/10.0-------------------
迭代0结束✅!Mclachlan Distance =0.0/0.01|满足停止要求😉
参数优化结果如下:[0.]|最大的参数=0.0
时间步长已经更新=0.05|inf
本次时间步长结束｜共选取0个算符:[0]｜最优参数为[0.]｜Mclachlan Distance=0.0|瞬时精确能量=6.938893903907228e-18|瞬时变分能量=6.938893903907228e-18|瞬时能量误差=0.0|精确与变分态重合度=1.0｜目前参数规模=1
保存快照: ./AVQDS-SNAPSHOT-10-17 13:43/201.pkl
